../Drivers/STM32U5xx_HAL_Driver/Inc/stm32u5xx_ll_dma.h:1488:22:LL_DMA_ResetChannel	24	static
../Core/Src/Peripherals/iridium.c:33:6:iridium_init	24	static
../Core/Src/Peripherals/iridium.c:78:22:iridium_config	24	static
../Core/Src/Peripherals/iridium.c:133:22:iridium_self_test	32	static
../Core/Src/Peripherals/iridium.c:178:6:iridium_sleep	16	static
../Core/Src/Peripherals/iridium.c:194:6:iridium_on_off	16	static
../Core/Src/Peripherals/iridium.c:213:22:iridium_store_in_flash	24	static
../Core/Src/Peripherals/iridium.c:231:22:iridium_reset_iridium_uart	16	static
../Core/Src/Peripherals/iridium.c:276:22:iridium_reset_timer	16	static
../Core/Src/Peripherals/iridium.c:310:22:iridium_storage_queue_add	24	static
../Core/Src/Peripherals/iridium.c:339:22:iridium_storage_queue_get	32	static
../Core/Src/Peripherals/iridium.c:372:6:iridium_storage_queue_flush	24	static
../Core/Src/Peripherals/iridium.c:387:29:send_msg_from_queue	24	static
../Core/Src/Peripherals/iridium.c:412:13:get_checksum	32	static
../Core/Src/Peripherals/iridium.c:431:29:send_basic_command_message	40	static
../Core/Src/Peripherals/iridium.c:454:22:iridium_transmit_message	40	static
../Core/Src/Peripherals/iridium.c:545:29:internal_transmit_message	80	static
../Core/Src/Peripherals/iridium.c:671:22:iridium_transmit_error_message	40	static
../Core/Src/Peripherals/iridium.c:740:13:cycle_power	16	static
../Core/Src/Peripherals/iridium.c:754:7:iridium_get_timestamp	56	static
