../Drivers/STM32U5xx_HAL_Driver/Src/stm32u5xx_hal_tim_ex.c:303:13:HAL_TIMEx_HallSensor_MspInit	0	static
../Drivers/STM32U5xx_HAL_Driver/Src/stm32u5xx_hal_tim_ex.c:3362:6:TIMEx_DMACommutationCplt	0	static
../Drivers/STM32U5xx_HAL_Driver/Src/stm32u5xx_hal_tim_ex.c:3381:6:TIMEx_DMACommutationHalfCplt	0	static
../Drivers/STM32U5xx_HAL_Driver/Src/stm32u5xx_hal_tim_ex.c:3401:13:TIM_DMADelayPulseNCplt	8	static
../Drivers/STM32U5xx_HAL_Driver/Src/stm32u5xx_hal_tim_ex.c:3440:13:TIM_DMAErrorCCxN	8	static
../Drivers/STM32U5xx_HAL_Driver/Src/stm32u5xx_hal_tim_ex.c:3486:13:TIM_CCxNChannelCmd	8	static
../Drivers/STM32U5xx_HAL_Driver/Src/stm32u5xx_hal_tim_ex.c:318:13:HAL_TIMEx_HallSensor_MspDeInit	0	static
../Drivers/STM32U5xx_HAL_Driver/Src/stm32u5xx_hal_tim_ex.c:157:19:HAL_TIMEx_HallSensor_Init	48	static
../Drivers/STM32U5xx_HAL_Driver/Src/stm32u5xx_hal_tim_ex.c:258:19:HAL_TIMEx_HallSensor_DeInit	8	static
../Drivers/STM32U5xx_HAL_Driver/Src/stm32u5xx_hal_tim_ex.c:333:19:HAL_TIMEx_HallSensor_Start	16	static
../Drivers/STM32U5xx_HAL_Driver/Src/stm32u5xx_hal_tim_ex.c:387:19:HAL_TIMEx_HallSensor_Stop	8	static
../Drivers/STM32U5xx_HAL_Driver/Src/stm32u5xx_hal_tim_ex.c:415:19:HAL_TIMEx_HallSensor_Start_IT	16	static
../Drivers/STM32U5xx_HAL_Driver/Src/stm32u5xx_hal_tim_ex.c:472:19:HAL_TIMEx_HallSensor_Stop_IT	8	static
../Drivers/STM32U5xx_HAL_Driver/Src/stm32u5xx_hal_tim_ex.c:505:19:HAL_TIMEx_HallSensor_Start_DMA	24	static
../Drivers/STM32U5xx_HAL_Driver/Src/stm32u5xx_hal_tim_ex.c:581:19:HAL_TIMEx_HallSensor_Stop_DMA	8	static
../Drivers/STM32U5xx_HAL_Driver/Src/stm32u5xx_hal_tim_ex.c:644:19:HAL_TIMEx_OCN_Start	8	static
../Drivers/STM32U5xx_HAL_Driver/Src/stm32u5xx_hal_tim_ex.c:696:19:HAL_TIMEx_OCN_Stop	16	static
../Drivers/STM32U5xx_HAL_Driver/Src/stm32u5xx_hal_tim_ex.c:729:19:HAL_TIMEx_OCN_Start_IT	8	static
../Drivers/STM32U5xx_HAL_Driver/Src/stm32u5xx_hal_tim_ex.c:824:19:HAL_TIMEx_OCN_Stop_IT	16	static
../Drivers/STM32U5xx_HAL_Driver/Src/stm32u5xx_hal_tim_ex.c:907:19:HAL_TIMEx_OCN_Start_DMA	16	static
../Drivers/STM32U5xx_HAL_Driver/Src/stm32u5xx_hal_tim_ex.c:1066:19:HAL_TIMEx_OCN_Stop_DMA	16	static
../Drivers/STM32U5xx_HAL_Driver/Src/stm32u5xx_hal_tim_ex.c:1176:19:HAL_TIMEx_PWMN_Start	0	static
../Drivers/STM32U5xx_HAL_Driver/Src/stm32u5xx_hal_tim_ex.c:1227:19:HAL_TIMEx_PWMN_Stop	0	static
../Drivers/STM32U5xx_HAL_Driver/Src/stm32u5xx_hal_tim_ex.c:1260:19:HAL_TIMEx_PWMN_Start_IT	0	static
../Drivers/STM32U5xx_HAL_Driver/Src/stm32u5xx_hal_tim_ex.c:1354:19:HAL_TIMEx_PWMN_Stop_IT	0	static
../Drivers/STM32U5xx_HAL_Driver/Src/stm32u5xx_hal_tim_ex.c:1437:19:HAL_TIMEx_PWMN_Start_DMA	0	static
../Drivers/STM32U5xx_HAL_Driver/Src/stm32u5xx_hal_tim_ex.c:1596:19:HAL_TIMEx_PWMN_Stop_DMA	0	static
../Drivers/STM32U5xx_HAL_Driver/Src/stm32u5xx_hal_tim_ex.c:1695:19:HAL_TIMEx_OnePulseN_Start	24	static
../Drivers/STM32U5xx_HAL_Driver/Src/stm32u5xx_hal_tim_ex.c:1744:19:HAL_TIMEx_OnePulseN_Stop	16	static
../Drivers/STM32U5xx_HAL_Driver/Src/stm32u5xx_hal_tim_ex.c:1783:19:HAL_TIMEx_OnePulseN_Start_IT	24	static
../Drivers/STM32U5xx_HAL_Driver/Src/stm32u5xx_hal_tim_ex.c:1838:19:HAL_TIMEx_OnePulseN_Stop_IT	16	static
../Drivers/STM32U5xx_HAL_Driver/Src/stm32u5xx_hal_tim_ex.c:1927:19:HAL_TIMEx_ConfigCommutEvent	8	static
../Drivers/STM32U5xx_HAL_Driver/Src/stm32u5xx_hal_tim_ex.c:1992:19:HAL_TIMEx_ConfigCommutEvent_IT	8	static
../Drivers/STM32U5xx_HAL_Driver/Src/stm32u5xx_hal_tim_ex.c:2058:19:HAL_TIMEx_ConfigCommutEvent_DMA	8	static
../Drivers/STM32U5xx_HAL_Driver/Src/stm32u5xx_hal_tim_ex.c:2110:19:HAL_TIMEx_MasterConfigSynchronization	12	static
../Drivers/STM32U5xx_HAL_Driver/Src/stm32u5xx_hal_tim_ex.c:2183:19:HAL_TIMEx_ConfigBreakDeadTime	8	static
../Drivers/STM32U5xx_HAL_Driver/Src/stm32u5xx_hal_tim_ex.c:2265:19:HAL_TIMEx_ConfigBreakInput	20	static
../Drivers/STM32U5xx_HAL_Driver/Src/stm32u5xx_hal_tim_ex.c:2491:19:HAL_TIMEx_RemapConfig	0	static
../Drivers/STM32U5xx_HAL_Driver/Src/stm32u5xx_hal_tim_ex.c:2598:20:HAL_TIMEx_TISelection	8	static
../Drivers/STM32U5xx_HAL_Driver/Src/stm32u5xx_hal_tim_ex.c:2640:19:HAL_TIMEx_GroupChannel5	0	static
../Drivers/STM32U5xx_HAL_Driver/Src/stm32u5xx_hal_tim_ex.c:2678:19:HAL_TIMEx_DisarmBreakInput	0	static
../Drivers/STM32U5xx_HAL_Driver/Src/stm32u5xx_hal_tim_ex.c:2733:19:HAL_TIMEx_ReArmBreakInput	16	static
../Drivers/STM32U5xx_HAL_Driver/Src/stm32u5xx_hal_tim_ex.c:2816:19:HAL_TIMEx_DitheringEnable	0	static
../Drivers/STM32U5xx_HAL_Driver/Src/stm32u5xx_hal_tim_ex.c:2840:19:HAL_TIMEx_DitheringDisable	0	static
../Drivers/STM32U5xx_HAL_Driver/Src/stm32u5xx_hal_tim_ex.c:2858:19:HAL_TIMEx_OC_ConfigPulseOnCompare	8	static
../Drivers/STM32U5xx_HAL_Driver/Src/stm32u5xx_hal_tim_ex.c:2903:19:HAL_TIMEx_ConfigSlaveModePreload	0	static
../Drivers/STM32U5xx_HAL_Driver/Src/stm32u5xx_hal_tim_ex.c:2918:19:HAL_TIMEx_EnableSlaveModePreload	0	static
../Drivers/STM32U5xx_HAL_Driver/Src/stm32u5xx_hal_tim_ex.c:2932:19:HAL_TIMEx_DisableSlaveModePreload	0	static
../Drivers/STM32U5xx_HAL_Driver/Src/stm32u5xx_hal_tim_ex.c:2946:19:HAL_TIMEx_EnableDeadTimePreload	0	static
../Drivers/STM32U5xx_HAL_Driver/Src/stm32u5xx_hal_tim_ex.c:2960:19:HAL_TIMEx_DisableDeadTimePreload	0	static
../Drivers/STM32U5xx_HAL_Driver/Src/stm32u5xx_hal_tim_ex.c:2976:19:HAL_TIMEx_ConfigDeadTime	0	static
../Drivers/STM32U5xx_HAL_Driver/Src/stm32u5xx_hal_tim_ex.c:2993:19:HAL_TIMEx_ConfigAsymmetricalDeadTime	0	static
../Drivers/STM32U5xx_HAL_Driver/Src/stm32u5xx_hal_tim_ex.c:3008:19:HAL_TIMEx_EnableAsymmetricalDeadTime	0	static
../Drivers/STM32U5xx_HAL_Driver/Src/stm32u5xx_hal_tim_ex.c:3022:19:HAL_TIMEx_DisableAsymmetricalDeadTime	0	static
../Drivers/STM32U5xx_HAL_Driver/Src/stm32u5xx_hal_tim_ex.c:3040:19:HAL_TIMEx_ConfigEncoderIndex	16	static
../Drivers/STM32U5xx_HAL_Driver/Src/stm32u5xx_hal_tim_ex.c:3103:19:HAL_TIMEx_EnableEncoderIndex	0	static
../Drivers/STM32U5xx_HAL_Driver/Src/stm32u5xx_hal_tim_ex.c:3117:19:HAL_TIMEx_DisableEncoderIndex	0	static
../Drivers/STM32U5xx_HAL_Driver/Src/stm32u5xx_hal_tim_ex.c:3131:19:HAL_TIMEx_EnableEncoderFirstIndex	0	static
../Drivers/STM32U5xx_HAL_Driver/Src/stm32u5xx_hal_tim_ex.c:3145:19:HAL_TIMEx_DisableEncoderFirstIndex	0	static
../Drivers/STM32U5xx_HAL_Driver/Src/stm32u5xx_hal_tim_ex.c:3179:13:HAL_TIMEx_CommutCallback	0	static
../Drivers/STM32U5xx_HAL_Driver/Src/stm32u5xx_hal_tim_ex.c:3193:13:HAL_TIMEx_CommutHalfCpltCallback	0	static
../Drivers/STM32U5xx_HAL_Driver/Src/stm32u5xx_hal_tim_ex.c:3208:13:HAL_TIMEx_BreakCallback	0	static
../Drivers/STM32U5xx_HAL_Driver/Src/stm32u5xx_hal_tim_ex.c:3223:13:HAL_TIMEx_Break2Callback	0	static
../Drivers/STM32U5xx_HAL_Driver/Src/stm32u5xx_hal_tim_ex.c:3238:13:HAL_TIMEx_EncoderIndexCallback	0	static
../Drivers/STM32U5xx_HAL_Driver/Src/stm32u5xx_hal_tim_ex.c:3253:13:HAL_TIMEx_DirectionChangeCallback	0	static
../Drivers/STM32U5xx_HAL_Driver/Src/stm32u5xx_hal_tim_ex.c:3268:13:HAL_TIMEx_IndexErrorCallback	0	static
../Drivers/STM32U5xx_HAL_Driver/Src/stm32u5xx_hal_tim_ex.c:3283:13:HAL_TIMEx_TransitionErrorCallback	0	static
../Drivers/STM32U5xx_HAL_Driver/Src/stm32u5xx_hal_tim_ex.c:3317:22:HAL_TIMEx_HallSensor_GetState	0	static
../Drivers/STM32U5xx_HAL_Driver/Src/stm32u5xx_hal_tim_ex.c:3333:29:HAL_TIMEx_GetChannelNState	0	static
../Drivers/STM32U5xx_HAL_Driver/Src/stm32u5xx_hal_tim_ex.c:3506:19:HAL_TIMEx_EnableHSE32	16	static
../Drivers/STM32U5xx_HAL_Driver/Src/stm32u5xx_hal_tim_ex.c:3536:19:HAL_TIMEx_DisableHSE32	16	static
