../Drivers/STM32U5xx_HAL_Driver/Src/stm32u5xx_hal_rtc.c:898:13:HAL_RTC_MspInit	0	static
../Drivers/STM32U5xx_HAL_Driver/Src/stm32u5xx_hal_rtc.c:913:13:HAL_RTC_MspDeInit	0	static
../Drivers/STM32U5xx_HAL_Driver/Src/stm32u5xx_hal_rtc.c:1059:6:HAL_RTC_DST_Add1Hour	0	static
../Drivers/STM32U5xx_HAL_Driver/Src/stm32u5xx_hal_rtc.c:1073:6:HAL_RTC_DST_Sub1Hour	0	static
../Drivers/STM32U5xx_HAL_Driver/Src/stm32u5xx_hal_rtc.c:1087:6:HAL_RTC_DST_SetStoreOperation	0	static
../Drivers/STM32U5xx_HAL_Driver/Src/stm32u5xx_hal_rtc.c:1100:6:HAL_RTC_DST_ClearStoreOperation	0	static
../Drivers/STM32U5xx_HAL_Driver/Src/stm32u5xx_hal_rtc.c:1113:10:HAL_RTC_DST_ReadStoreOperation	0	static
../Drivers/STM32U5xx_HAL_Driver/Src/stm32u5xx_hal_rtc.c:1750:19:HAL_RTC_DeactivateAlarm	0	static
../Drivers/STM32U5xx_HAL_Driver/Src/stm32u5xx_hal_rtc.c:1947:13:HAL_RTC_AlarmAEventCallback	0	static
../Drivers/STM32U5xx_HAL_Driver/Src/stm32u5xx_hal_rtc.c:1907:6:HAL_RTC_AlarmIRQHandler	16	static
../Drivers/STM32U5xx_HAL_Driver/Src/stm32u5xx_hal_rtc.c:1963:19:HAL_RTC_PollForAlarmAEvent	24	static
../Drivers/STM32U5xx_HAL_Driver/Src/stm32u5xx_hal_rtc.c:2021:19:HAL_RTC_WaitForSynchro	16	static
../Drivers/STM32U5xx_HAL_Driver/Src/stm32u5xx_hal_rtc.c:2066:21:HAL_RTC_GetState	0	static
../Drivers/STM32U5xx_HAL_Driver/Src/stm32u5xx_hal_rtc.c:2089:19:RTC_EnterInitMode	24	static
../Drivers/STM32U5xx_HAL_Driver/Src/stm32u5xx_hal_rtc.c:2121:19:RTC_ExitInitMode	8	static
../Drivers/STM32U5xx_HAL_Driver/Src/stm32u5xx_hal_rtc.c:266:19:HAL_RTC_Init	16	static
../Drivers/STM32U5xx_HAL_Driver/Src/stm32u5xx_hal_rtc.c:411:19:HAL_RTC_DeInit	16	static
../Drivers/STM32U5xx_HAL_Driver/Src/stm32u5xx_hal_rtc.c:2157:9:RTC_ByteToBcd2	0	static
../Drivers/STM32U5xx_HAL_Driver/Src/stm32u5xx_hal_rtc.c:956:19:HAL_RTC_SetTime	24	static
../Drivers/STM32U5xx_HAL_Driver/Src/stm32u5xx_hal_rtc.c:1192:19:HAL_RTC_SetDate	24	static
../Drivers/STM32U5xx_HAL_Driver/Src/stm32u5xx_hal_rtc.c:1336:19:HAL_RTC_SetAlarm	32	static
../Drivers/STM32U5xx_HAL_Driver/Src/stm32u5xx_hal_rtc.c:1545:19:HAL_RTC_SetAlarm_IT	32	static
../Drivers/STM32U5xx_HAL_Driver/Src/stm32u5xx_hal_rtc.c:2176:9:RTC_Bcd2ToByte	0	static
../Drivers/STM32U5xx_HAL_Driver/Src/stm32u5xx_hal_rtc.c:1144:19:HAL_RTC_GetTime	16	static
../Drivers/STM32U5xx_HAL_Driver/Src/stm32u5xx_hal_rtc.c:1276:19:HAL_RTC_GetDate	16	static
../Drivers/STM32U5xx_HAL_Driver/Src/stm32u5xx_hal_rtc.c:1802:19:HAL_RTC_GetAlarm	8	static
