../Drivers/STM32U5xx_HAL_Driver/Src/stm32u5xx_hal_rtc_ex.c:173:19:HAL_RTCEx_SetTimeStamp	0	static
../Drivers/STM32U5xx_HAL_Driver/Src/stm32u5xx_hal_rtc_ex.c:224:19:HAL_RTCEx_SetTimeStamp_IT	0	static
../Drivers/STM32U5xx_HAL_Driver/Src/stm32u5xx_hal_rtc_ex.c:264:19:HAL_RTCEx_DeactivateTimeStamp	0	static
../Drivers/STM32U5xx_HAL_Driver/Src/stm32u5xx_hal_rtc_ex.c:294:19:HAL_RTCEx_SetInternalTimeStamp	0	static
../Drivers/STM32U5xx_HAL_Driver/Src/stm32u5xx_hal_rtc_ex.c:324:19:HAL_RTCEx_DeactivateInternalTimeStamp	0	static
../Drivers/STM32U5xx_HAL_Driver/Src/stm32u5xx_hal_rtc_ex.c:359:19:HAL_RTCEx_GetTimeStamp	24	static
../Drivers/STM32U5xx_HAL_Driver/Src/stm32u5xx_hal_rtc_ex.c:463:13:HAL_RTCEx_TimeStampEventCallback	0	static
../Drivers/STM32U5xx_HAL_Driver/Src/stm32u5xx_hal_rtc_ex.c:438:6:HAL_RTCEx_TimeStampIRQHandler	16	static
../Drivers/STM32U5xx_HAL_Driver/Src/stm32u5xx_hal_rtc_ex.c:479:19:HAL_RTCEx_PollForTimeStampEvent	24	static
../Drivers/STM32U5xx_HAL_Driver/Src/stm32u5xx_hal_rtc_ex.c:537:19:HAL_RTCEx_SetWakeUpTimer	32	static
../Drivers/STM32U5xx_HAL_Driver/Src/stm32u5xx_hal_rtc_ex.c:610:19:HAL_RTCEx_SetWakeUpTimer_IT	32	static
../Drivers/STM32U5xx_HAL_Driver/Src/stm32u5xx_hal_rtc_ex.c:683:19:HAL_RTCEx_DeactivateWakeUpTimer	24	static
../Drivers/STM32U5xx_HAL_Driver/Src/stm32u5xx_hal_rtc_ex.c:733:10:HAL_RTCEx_GetWakeUpTimer	0	static
../Drivers/STM32U5xx_HAL_Driver/Src/stm32u5xx_hal_rtc_ex.c:798:13:HAL_RTCEx_WakeUpTimerEventCallback	0	static
../Drivers/STM32U5xx_HAL_Driver/Src/stm32u5xx_hal_rtc_ex.c:771:6:HAL_RTCEx_WakeUpTimerIRQHandler	8	static
../Drivers/STM32U5xx_HAL_Driver/Src/stm32u5xx_hal_rtc_ex.c:815:19:HAL_RTCEx_PollForWakeUpTimerEvent	24	static
../Drivers/STM32U5xx_HAL_Driver/Src/stm32u5xx_hal_rtc_ex.c:893:19:HAL_RTCEx_SetSmoothCalib	32	static
../Drivers/STM32U5xx_HAL_Driver/Src/stm32u5xx_hal_rtc_ex.c:960:19:HAL_RTCEx_SetLowPowerCalib	0	static
../Drivers/STM32U5xx_HAL_Driver/Src/stm32u5xx_hal_rtc_ex.c:1000:19:HAL_RTCEx_SetSynchroShift	32	static
../Drivers/STM32U5xx_HAL_Driver/Src/stm32u5xx_hal_rtc_ex.c:1093:19:HAL_RTCEx_SetCalibrationOutPut	0	static
../Drivers/STM32U5xx_HAL_Driver/Src/stm32u5xx_hal_rtc_ex.c:1129:19:HAL_RTCEx_DeactivateCalibrationOutPut	0	static
../Drivers/STM32U5xx_HAL_Driver/Src/stm32u5xx_hal_rtc_ex.c:1159:19:HAL_RTCEx_SetRefClock	16	static
../Drivers/STM32U5xx_HAL_Driver/Src/stm32u5xx_hal_rtc_ex.c:1201:19:HAL_RTCEx_DeactivateRefClock	16	static
../Drivers/STM32U5xx_HAL_Driver/Src/stm32u5xx_hal_rtc_ex.c:1245:19:HAL_RTCEx_EnableBypassShadow	0	static
../Drivers/STM32U5xx_HAL_Driver/Src/stm32u5xx_hal_rtc_ex.c:1277:19:HAL_RTCEx_DisableBypassShadow	0	static
../Drivers/STM32U5xx_HAL_Driver/Src/stm32u5xx_hal_rtc_ex.c:1310:19:HAL_RTCEx_MonotonicCounterIncrement	0	static
../Drivers/STM32U5xx_HAL_Driver/Src/stm32u5xx_hal_rtc_ex.c:1330:19:HAL_RTCEx_MonotonicCounterGet	0	static
../Drivers/STM32U5xx_HAL_Driver/Src/stm32u5xx_hal_rtc_ex.c:1347:19:HAL_RTCEx_SetSSRU_IT	0	static
../Drivers/STM32U5xx_HAL_Driver/Src/stm32u5xx_hal_rtc_ex.c:1376:19:HAL_RTCEx_DeactivateSSRU	0	static
../Drivers/STM32U5xx_HAL_Driver/Src/stm32u5xx_hal_rtc_ex.c:1457:13:HAL_RTCEx_SSRUEventCallback	0	static
../Drivers/STM32U5xx_HAL_Driver/Src/stm32u5xx_hal_rtc_ex.c:1432:6:HAL_RTCEx_SSRUIRQHandler	8	static
../Drivers/STM32U5xx_HAL_Driver/Src/stm32u5xx_hal_rtc_ex.c:1491:13:HAL_RTCEx_AlarmBEventCallback	0	static
../Drivers/STM32U5xx_HAL_Driver/Src/stm32u5xx_hal_rtc_ex.c:1507:19:HAL_RTCEx_PollForAlarmBEvent	24	static
../Drivers/STM32U5xx_HAL_Driver/Src/stm32u5xx_hal_rtc_ex.c:1570:19:HAL_RTCEx_SetTamper	12	static
../Drivers/STM32U5xx_HAL_Driver/Src/stm32u5xx_hal_rtc_ex.c:1643:19:HAL_RTCEx_SetTamper_IT	12	static
../Drivers/STM32U5xx_HAL_Driver/Src/stm32u5xx_hal_rtc_ex.c:1726:19:HAL_RTCEx_DeactivateTamper	0	static
../Drivers/STM32U5xx_HAL_Driver/Src/stm32u5xx_hal_rtc_ex.c:1867:6:HAL_RTCEx_GetActiveTampers	20	static
../Drivers/STM32U5xx_HAL_Driver/Src/stm32u5xx_hal_rtc_ex.c:1893:19:HAL_RTCEx_SetActiveSeed	16	static
../Drivers/STM32U5xx_HAL_Driver/Src/stm32u5xx_hal_rtc_ex.c:1930:19:HAL_RTCEx_SetBoothardwareKey	0	static
../Drivers/STM32U5xx_HAL_Driver/Src/stm32u5xx_hal_rtc_ex.c:1943:19:HAL_RTCEx_DeactivateActiveTampers	0	static
../Drivers/STM32U5xx_HAL_Driver/Src/stm32u5xx_hal_rtc_ex.c:1753:19:HAL_RTCEx_SetActiveTampers	32	static
../Drivers/STM32U5xx_HAL_Driver/Src/stm32u5xx_hal_rtc_ex.c:1987:19:HAL_RTCEx_PollForTamperEvent	24	static
../Drivers/STM32U5xx_HAL_Driver/Src/stm32u5xx_hal_rtc_ex.c:2019:19:HAL_RTCEx_SetInternalTamper	8	static
../Drivers/STM32U5xx_HAL_Driver/Src/stm32u5xx_hal_rtc_ex.c:2058:6:HAL_RTCEx_GetInternalTampers	0	static
../Drivers/STM32U5xx_HAL_Driver/Src/stm32u5xx_hal_rtc_ex.c:2078:19:HAL_RTCEx_SetInternalTamper_IT	8	static
../Drivers/STM32U5xx_HAL_Driver/Src/stm32u5xx_hal_rtc_ex.c:2121:19:HAL_RTCEx_DeactivateInternalTamper	0	static
../Drivers/STM32U5xx_HAL_Driver/Src/stm32u5xx_hal_rtc_ex.c:2147:19:HAL_RTCEx_PollForInternalTamperEvent	0	static
../Drivers/STM32U5xx_HAL_Driver/Src/stm32u5xx_hal_rtc_ex.c:2662:13:HAL_RTCEx_Tamper1EventCallback	0	static
../Drivers/STM32U5xx_HAL_Driver/Src/stm32u5xx_hal_rtc_ex.c:2678:13:HAL_RTCEx_Tamper2EventCallback	0	static
../Drivers/STM32U5xx_HAL_Driver/Src/stm32u5xx_hal_rtc_ex.c:2693:13:HAL_RTCEx_Tamper3EventCallback	0	static
../Drivers/STM32U5xx_HAL_Driver/Src/stm32u5xx_hal_rtc_ex.c:2708:13:HAL_RTCEx_Tamper4EventCallback	0	static
../Drivers/STM32U5xx_HAL_Driver/Src/stm32u5xx_hal_rtc_ex.c:2723:13:HAL_RTCEx_Tamper5EventCallback	0	static
../Drivers/STM32U5xx_HAL_Driver/Src/stm32u5xx_hal_rtc_ex.c:2738:13:HAL_RTCEx_Tamper6EventCallback	0	static
../Drivers/STM32U5xx_HAL_Driver/Src/stm32u5xx_hal_rtc_ex.c:2753:13:HAL_RTCEx_Tamper7EventCallback	0	static
../Drivers/STM32U5xx_HAL_Driver/Src/stm32u5xx_hal_rtc_ex.c:2768:13:HAL_RTCEx_Tamper8EventCallback	0	static
../Drivers/STM32U5xx_HAL_Driver/Src/stm32u5xx_hal_rtc_ex.c:2783:13:HAL_RTCEx_InternalTamper1EventCallback	0	static
../Drivers/STM32U5xx_HAL_Driver/Src/stm32u5xx_hal_rtc_ex.c:2798:13:HAL_RTCEx_InternalTamper2EventCallback	0	static
../Drivers/STM32U5xx_HAL_Driver/Src/stm32u5xx_hal_rtc_ex.c:2813:13:HAL_RTCEx_InternalTamper3EventCallback	0	static
../Drivers/STM32U5xx_HAL_Driver/Src/stm32u5xx_hal_rtc_ex.c:2829:13:HAL_RTCEx_InternalTamper5EventCallback	0	static
../Drivers/STM32U5xx_HAL_Driver/Src/stm32u5xx_hal_rtc_ex.c:2844:13:HAL_RTCEx_InternalTamper6EventCallback	0	static
../Drivers/STM32U5xx_HAL_Driver/Src/stm32u5xx_hal_rtc_ex.c:2859:13:HAL_RTCEx_InternalTamper7EventCallback	0	static
../Drivers/STM32U5xx_HAL_Driver/Src/stm32u5xx_hal_rtc_ex.c:2874:13:HAL_RTCEx_InternalTamper8EventCallback	0	static
../Drivers/STM32U5xx_HAL_Driver/Src/stm32u5xx_hal_rtc_ex.c:2889:13:HAL_RTCEx_InternalTamper9EventCallback	0	static
../Drivers/STM32U5xx_HAL_Driver/Src/stm32u5xx_hal_rtc_ex.c:2904:13:HAL_RTCEx_InternalTamper11EventCallback	0	static
../Drivers/STM32U5xx_HAL_Driver/Src/stm32u5xx_hal_rtc_ex.c:2919:13:HAL_RTCEx_InternalTamper12EventCallback	0	static
../Drivers/STM32U5xx_HAL_Driver/Src/stm32u5xx_hal_rtc_ex.c:2934:13:HAL_RTCEx_InternalTamper13EventCallback	0	static
../Drivers/STM32U5xx_HAL_Driver/Src/stm32u5xx_hal_rtc_ex.c:2424:6:HAL_RTCEx_TamperIRQHandler	16	static
../Drivers/STM32U5xx_HAL_Driver/Src/stm32u5xx_hal_rtc_ex.c:2976:6:HAL_RTCEx_BKUPWrite	0	static
../Drivers/STM32U5xx_HAL_Driver/Src/stm32u5xx_hal_rtc_ex.c:2999:10:HAL_RTCEx_BKUPRead	0	static
../Drivers/STM32U5xx_HAL_Driver/Src/stm32u5xx_hal_rtc_ex.c:3019:7:HAL_RTCEx_BKUPErase	0	static
../Drivers/STM32U5xx_HAL_Driver/Src/stm32u5xx_hal_rtc_ex.c:3030:7:HAL_RTCEx_BKUPBlock_Enable	0	static
../Drivers/STM32U5xx_HAL_Driver/Src/stm32u5xx_hal_rtc_ex.c:3041:7:HAL_RTCEx_BKUPBlock_Disable	0	static
../Drivers/STM32U5xx_HAL_Driver/Src/stm32u5xx_hal_rtc_ex.c:3059:7:HAL_RTCEx_Erase_SecretDev_Conf	0	static
../Drivers/STM32U5xx_HAL_Driver/Src/stm32u5xx_hal_rtc_ex.c:3077:10:HAL_RTCEx_Get_Erase_SecretDev_Conf	0	static
../Drivers/STM32U5xx_HAL_Driver/Src/stm32u5xx_hal_rtc_ex.c:3114:19:HAL_RTCEx_SecureModeGet	0	static
../Drivers/STM32U5xx_HAL_Driver/Src/stm32u5xx_hal_rtc_ex.c:3202:19:HAL_RTCEx_PrivilegeModeSet	0	static
../Drivers/STM32U5xx_HAL_Driver/Src/stm32u5xx_hal_rtc_ex.c:3243:19:HAL_RTCEx_PrivilegeModeGet	8	static
