../Core/Src/app_threadx.c:1169:19:start_GNSS_UART_DMA	24	static
../Core/Src/app_threadx.c:138:6:App_ThreadX_Init	64	static
../Core/Src/app_threadx.c:352:6:MX_ThreadX_Init	0	static
../Core/Src/app_threadx.c:1012:6:HAL_UART_RxCpltCallback	8	static
../Core/Src/app_threadx.c:1048:6:HAL_TIM_PeriodElapsedCallback	0	static
../Core/Src/app_threadx.c:1068:6:HAL_RTC_AlarmAEventCallback	8	static
../Core/Src/app_threadx.c:1086:6:HAL_Delay	8	static
../Core/Src/app_threadx.c:1223:6:shut_it_all_down	16	static
../Core/Src/app_threadx.c:379:6:startup_thread_entry	80	static
../Core/Src/app_threadx.c:1332:13:jump_to_end_of_window	16	static
../Core/Src/app_threadx.c:546:6:gnss_thread_entry	48	static
../Core/Src/app_threadx.c:1361:13:jump_to_waves	8	static
../Core/Src/app_threadx.c:686:6:ct_thread_entry	24	static
../Core/Src/app_threadx.c:760:6:waves_thread_entry	408	static
../Core/Src/app_threadx.c:816:6:iridium_thread_entry	16	static
../Core/Src/app_threadx.c:868:6:end_of_cycle_thread_entry	136	static
