../Core/Src/stm32u5xx_it.c:79:6:NMI_Handler	8	static
../Core/Src/stm32u5xx_it.c:95:6:HardFault_Handler	8	static
../Core/Src/stm32u5xx_it.c:112:6:MemManage_Handler	8	static
../Core/Src/stm32u5xx_it.c:129:6:BusFault_Handler	8	static
../Core/Src/stm32u5xx_it.c:146:6:UsageFault_Handler	8	static
../Core/Src/stm32u5xx_it.c:163:6:DebugMon_Handler	0	static
../Core/Src/stm32u5xx_it.c:183:6:RTC_IRQHandler	0	static
../Core/Src/stm32u5xx_it.c:197:6:GPDMA1_Channel0_IRQHandler	8	static
../Core/Src/stm32u5xx_it.c:211:6:GPDMA1_Channel1_IRQHandler	0	static
../Core/Src/stm32u5xx_it.c:225:6:GPDMA1_Channel2_IRQHandler	0	static
../Core/Src/stm32u5xx_it.c:239:6:GPDMA1_Channel3_IRQHandler	0	static
../Core/Src/stm32u5xx_it.c:253:6:TIM4_IRQHandler	0	static
../Core/Src/stm32u5xx_it.c:267:6:LPUART1_IRQHandler	0	static
../Core/Src/stm32u5xx_it.c:281:6:TIM17_IRQHandler	0	static
../Core/Src/stm32u5xx_it.c:295:6:PWR_S3WU_IRQHandler	0	static
