../Core/Src/stm32u5xx_hal_msp.c:70:6:HAL_MspInit	16	static
../Core/Src/stm32u5xx_hal_msp.c:114:6:HAL_ADC_MspInit	216	static
../Core/Src/stm32u5xx_hal_msp.c:147:6:HAL_ADC_MspDeInit	0	static
../Core/Src/stm32u5xx_hal_msp.c:169:6:HAL_UART_MspInit	272	static
../Core/Src/stm32u5xx_hal_msp.c:406:6:HAL_UART_MspDeInit	8	static
../Core/Src/stm32u5xx_hal_msp.c:483:6:HAL_RTC_MspInit	216	static
../Core/Src/stm32u5xx_hal_msp.c:520:6:HAL_RTC_MspDeInit	0	static
../Core/Src/stm32u5xx_hal_msp.c:546:6:HAL_TIM_Base_MspInit	16	static
../Core/Src/stm32u5xx_hal_msp.c:582:6:HAL_TIM_Base_MspDeInit	0	static
