../Core/Src/main.c:88:5:main	64	static
../Core/Src/main.c:197:6:SystemClock_Config	128	static
../Core/Src/main.c:255:13:SystemPower_Config	8	static
../Core/Src/main.c:290:13:MX_ADC4_Init	40	static
../Core/Src/main.c:352:13:MX_GPDMA1_Init	16	static
../Core/Src/main.c:390:13:MX_ICACHE_Init	8	static
../Core/Src/main.c:423:13:MX_LPUART1_UART_Init	8	static
../Core/Src/main.c:470:13:MX_UART4_Init	8	static
../Core/Src/main.c:518:13:MX_UART5_Init	8	static
../Core/Src/main.c:566:13:MX_RTC_Init	64	static
../Core/Src/main.c:648:13:MX_TIM16_Init	8	static
../Core/Src/main.c:680:13:MX_TIM17_Init	8	static
../Core/Src/main.c:712:13:MX_GPIO_Init	64	static
../Core/Src/main.c:900:6:Error_Handler	8	static,ignoring_inline_asm
