Archive member included to satisfy reference by file (symbol)

c:/st/stm32cubeide_1.10.1/stm32cubeide/plugins/com.st.stm32cube.ide.mcu.externaltools.gnu-tools-for-stm32.10.3-2021.10.win32_1.0.0.202111181127/tools/bin/../lib/gcc/arm-none-eabi/10.3.1/../../../../arm-none-eabi/lib/thumb/v8-m.main+fp/hard\libm.a(lib_a-s_ceil.o)
                              ./Core/Src/NEDWaves/NEDwaves_memlight.o (ceil)
c:/st/stm32cubeide_1.10.1/stm32cubeide/plugins/com.st.stm32cube.ide.mcu.externaltools.gnu-tools-for-stm32.10.3-2021.10.win32_1.0.0.202111181127/tools/bin/../lib/gcc/arm-none-eabi/10.3.1/../../../../arm-none-eabi/lib/thumb/v8-m.main+fp/hard\libm.a(lib_a-s_cos.o)
                              ./Core/Src/NEDWaves/rtwhalf.o (cos)
c:/st/stm32cubeide_1.10.1/stm32cubeide/plugins/com.st.stm32cube.ide.mcu.externaltools.gnu-tools-for-stm32.10.3-2021.10.win32_1.0.0.202111181127/tools/bin/../lib/gcc/arm-none-eabi/10.3.1/../../../../arm-none-eabi/lib/thumb/v8-m.main+fp/hard\libm.a(lib_a-s_floor.o)
                              ./Core/Src/NEDWaves/NEDwaves_memlight.o (floor)
c:/st/stm32cubeide_1.10.1/stm32cubeide/plugins/com.st.stm32cube.ide.mcu.externaltools.gnu-tools-for-stm32.10.3-2021.10.win32_1.0.0.202111181127/tools/bin/../lib/gcc/arm-none-eabi/10.3.1/../../../../arm-none-eabi/lib/thumb/v8-m.main+fp/hard\libm.a(lib_a-s_sin.o)
                              ./Core/Src/NEDWaves/NEDwaves_memlight.o (sin)
c:/st/stm32cubeide_1.10.1/stm32cubeide/plugins/com.st.stm32cube.ide.mcu.externaltools.gnu-tools-for-stm32.10.3-2021.10.win32_1.0.0.202111181127/tools/bin/../lib/gcc/arm-none-eabi/10.3.1/../../../../arm-none-eabi/lib/thumb/v8-m.main+fp/hard\libm.a(lib_a-sf_cos.o)
                              ./Core/Src/NEDWaves/FFTImplementationCallback.o (cosf)
c:/st/stm32cubeide_1.10.1/stm32cubeide/plugins/com.st.stm32cube.ide.mcu.externaltools.gnu-tools-for-stm32.10.3-2021.10.win32_1.0.0.202111181127/tools/bin/../lib/gcc/arm-none-eabi/10.3.1/../../../../arm-none-eabi/lib/thumb/v8-m.main+fp/hard\libm.a(lib_a-sf_sin.o)
                              ./Core/Src/NEDWaves/FFTImplementationCallback.o (sinf)
c:/st/stm32cubeide_1.10.1/stm32cubeide/plugins/com.st.stm32cube.ide.mcu.externaltools.gnu-tools-for-stm32.10.3-2021.10.win32_1.0.0.202111181127/tools/bin/../lib/gcc/arm-none-eabi/10.3.1/../../../../arm-none-eabi/lib/thumb/v8-m.main+fp/hard\libm.a(lib_a-w_exp.o)
                              ./Core/Src/NEDWaves/rtwhalf.o (exp)
c:/st/stm32cubeide_1.10.1/stm32cubeide/plugins/com.st.stm32cube.ide.mcu.externaltools.gnu-tools-for-stm32.10.3-2021.10.win32_1.0.0.202111181127/tools/bin/../lib/gcc/arm-none-eabi/10.3.1/../../../../arm-none-eabi/lib/thumb/v8-m.main+fp/hard\libm.a(lib_a-w_log.o)
                              ./Core/Src/NEDWaves/rtwhalf.o (log)
c:/st/stm32cubeide_1.10.1/stm32cubeide/plugins/com.st.stm32cube.ide.mcu.externaltools.gnu-tools-for-stm32.10.3-2021.10.win32_1.0.0.202111181127/tools/bin/../lib/gcc/arm-none-eabi/10.3.1/../../../../arm-none-eabi/lib/thumb/v8-m.main+fp/hard\libm.a(lib_a-w_log10.o)
                              ./Core/Src/NEDWaves/rtwhalf.o (log10)
c:/st/stm32cubeide_1.10.1/stm32cubeide/plugins/com.st.stm32cube.ide.mcu.externaltools.gnu-tools-for-stm32.10.3-2021.10.win32_1.0.0.202111181127/tools/bin/../lib/gcc/arm-none-eabi/10.3.1/../../../../arm-none-eabi/lib/thumb/v8-m.main+fp/hard\libm.a(lib_a-w_sqrt.o)
                              ./Core/Src/NEDWaves/rtwhalf.o (sqrt)
c:/st/stm32cubeide_1.10.1/stm32cubeide/plugins/com.st.stm32cube.ide.mcu.externaltools.gnu-tools-for-stm32.10.3-2021.10.win32_1.0.0.202111181127/tools/bin/../lib/gcc/arm-none-eabi/10.3.1/../../../../arm-none-eabi/lib/thumb/v8-m.main+fp/hard\libm.a(lib_a-wf_atan2.o)
                              ./Core/Src/NEDWaves/NEDwaves_memlight.o (atan2f)
c:/st/stm32cubeide_1.10.1/stm32cubeide/plugins/com.st.stm32cube.ide.mcu.externaltools.gnu-tools-for-stm32.10.3-2021.10.win32_1.0.0.202111181127/tools/bin/../lib/gcc/arm-none-eabi/10.3.1/../../../../arm-none-eabi/lib/thumb/v8-m.main+fp/hard\libm.a(lib_a-wf_sqrt.o)
                              ./Core/Src/NEDWaves/NEDwaves_memlight.o (sqrtf)
c:/st/stm32cubeide_1.10.1/stm32cubeide/plugins/com.st.stm32cube.ide.mcu.externaltools.gnu-tools-for-stm32.10.3-2021.10.win32_1.0.0.202111181127/tools/bin/../lib/gcc/arm-none-eabi/10.3.1/../../../../arm-none-eabi/lib/thumb/v8-m.main+fp/hard\libm.a(lib_a-e_exp.o)
                              c:/st/stm32cubeide_1.10.1/stm32cubeide/plugins/com.st.stm32cube.ide.mcu.externaltools.gnu-tools-for-stm32.10.3-2021.10.win32_1.0.0.202111181127/tools/bin/../lib/gcc/arm-none-eabi/10.3.1/../../../../arm-none-eabi/lib/thumb/v8-m.main+fp/hard\libm.a(lib_a-w_exp.o) (__ieee754_exp)
c:/st/stm32cubeide_1.10.1/stm32cubeide/plugins/com.st.stm32cube.ide.mcu.externaltools.gnu-tools-for-stm32.10.3-2021.10.win32_1.0.0.202111181127/tools/bin/../lib/gcc/arm-none-eabi/10.3.1/../../../../arm-none-eabi/lib/thumb/v8-m.main+fp/hard\libm.a(lib_a-e_log.o)
[...]
Memory Configuration

Name             Origin             Length             Attributes
RAM              0x0000000020000000 0x00000000000c0000 xrw
SRAM4            0x0000000028000000 0x0000000000004000 xrw
FLASH            0x0000000008000000 0x0000000000200000 xr
*default*        0x0000000000000000 0xffffffffffffffff

Linker script and memory map

LOAD c:/st/stm32cubeide_1.10.1/stm32cubeide/plugins/com.st.stm32cube.ide.mcu.externaltools.gnu-tools-for-stm32.10.3-2021.10.win32_1.0.0.202111181127/tools/bin/../lib/gcc/arm-none-eabi/10.3.1/thumb/v8-m.main+fp/hard/crti.o
LOAD c:/st/stm32cubeide_1.10.1/stm32cubeide/plugins/com.st.stm32cube.ide.mcu.externaltools.gnu-tools-for-stm32.10.3-2021.10.win32_1.0.0.202111181127/tools/bin/../lib/gcc/arm-none-eabi/10.3.1/thumb/v8-m.main+fp/hard/crtbegin.o
LOAD c:/st/stm32cubeide_1.10.1/stm32cubeide/plugins/com.st.stm32cube.ide.mcu.externaltools.gnu-tools-for-stm32.10.3-2021.10.win32_1.0.0.202111181127/tools/bin/../lib/gcc/arm-none-eabi/10.3.1/../../../../arm-none-eabi/lib/thumb/v8-m.main+fp/hard/crt0.o
LOAD ./AZURE_RTOS/App/app_azure_rtos.o
LOAD ./Core/Src/NEDWaves/FFTImplementationCallback.o
LOAD ./Core/Src/NEDWaves/NEDwaves_memlight.o
LOAD ./Core/Src/NEDWaves/NEDwaves_memlight_data.o
LOAD ./Core/Src/NEDWaves/NEDwaves_memlight_emxAPI.o
LOAD ./Core/Src/NEDWaves/NEDwaves_memlight_emxutil.o
LOAD ./Core/Src/NEDWaves/NEDwaves_memlight_initialize.o
LOAD ./Core/Src/NEDWaves/NEDwaves_memlight_terminate.o
LOAD ./Core/Src/NEDWaves/bsearch.o
LOAD ./Core/Src/NEDWaves/fft.o
LOAD ./Core/Src/NEDWaves/interp1.o
LOAD ./Core/Src/NEDWaves/mean.o
LOAD ./Core/Src/NEDWaves/mem_replacements.o
LOAD ./Core/Src/NEDWaves/nullAssignment.o
LOAD ./Core/Src/NEDWaves/rtGetInf.o
LOAD ./Core/Src/NEDWaves/rtGetNaN.o
LOAD ./Core/Src/NEDWaves/rt_nonfinite.o
LOAD ./Core/Src/NEDWaves/rtwhalf.o
LOAD ./Core/Src/NEDWaves/var.o
LOAD ./Core/Src/Peripherals/battery.o
LOAD ./Core/Src/Peripherals/ct_sensor.o
LOAD ./Core/Src/Peripherals/gnss.o
LOAD ./Core/Src/Peripherals/imu.o
LOAD ./Core/Src/Peripherals/iridium.o
LOAD ./Core/Src/Peripherals/rf_switch.o
LOAD ./Core/Src/Peripherals/u_ubx_protocol.o
LOAD ./Core/Src/app_threadx.o
LOAD ./Core/Src/byte_array.o
LOAD ./Core/Src/linked_list.o
LOAD ./Core/Src/main.o
LOAD ./Core/Src/stm32u5xx_hal_msp.o
LOAD ./Core/Src/stm32u5xx_hal_timebase_tim.o
LOAD ./Core/Src/stm32u5xx_it.o
LOAD ./Core/Src/syscalls.o
LOAD ./Core/Src/sysmem.o
LOAD ./Core/Src/system_stm32u5xx.o
LOAD ./Core/Src/test_app_threadx.o
LOAD ./Core/Src/tx_initialize_low_level.o
LOAD ./Core/Startup/startup_stm32u575zitxq.o
LOAD ./Drivers/STM32U5xx_HAL_Driver/Src/stm32u5xx_hal.o
LOAD ./Drivers/STM32U5xx_HAL_Driver/Src/stm32u5xx_hal_adc.o
LOAD ./Drivers/STM32U5xx_HAL_Driver/Src/stm32u5xx_hal_adc_ex.o
LOAD ./Drivers/STM32U5xx_HAL_Driver/Src/stm32u5xx_hal_cortex.o
LOAD ./Drivers/STM32U5xx_HAL_Driver/Src/stm32u5xx_hal_dma.o
LOAD ./Drivers/STM32U5xx_HAL_Driver/Src/stm32u5xx_hal_dma_ex.o
LOAD ./Drivers/STM32U5xx_HAL_Driver/Src/stm32u5xx_hal_exti.o
LOAD ./Drivers/STM32U5xx_HAL_Driver/Src/stm32u5xx_hal_flash.o
LOAD ./Drivers/STM32U5xx_HAL_Driver/Src/stm32u5xx_hal_flash_ex.o
LOAD ./Drivers/STM32U5xx_HAL_Driver/Src/stm32u5xx_hal_gpio.o
LOAD ./Drivers/STM32U5xx_HAL_Driver/Src/stm32u5xx_hal_gtzc.o
LOAD ./Drivers/STM32U5xx_HAL_Driver/Src/stm32u5xx_hal_i2c.o
LOAD ./Drivers/STM32U5xx_HAL_Driver/Src/stm32u5xx_hal_i2c_ex.o
LOAD ./Drivers/STM32U5xx_HAL_Driver/Src/stm32u5xx_hal_icache.o
LOAD ./Drivers/STM32U5xx_HAL_Driver/Src/stm32u5xx_hal_iwdg.o
LOAD ./Drivers/STM32U5xx_HAL_Driver/Src/stm32u5xx_hal_pwr.o
LOAD ./Drivers/STM32U5xx_HAL_Driver/Src/stm32u5xx_hal_pwr_ex.o
LOAD ./Drivers/STM32U5xx_HAL_Driver/Src/stm32u5xx_hal_rcc.o
LOAD ./Drivers/STM32U5xx_HAL_Driver/Src/stm32u5xx_hal_rcc_ex.o
LOAD ./Drivers/STM32U5xx_HAL_Driver/Src/stm32u5xx_hal_rtc.o
LOAD ./Drivers/STM32U5xx_HAL_Driver/Src/stm32u5xx_hal_rtc_ex.o
LOAD ./Drivers/STM32U5xx_HAL_Driver/Src/stm32u5xx_hal_tim.o
LOAD ./Drivers/STM32U5xx_HAL_Driver/Src/stm32u5xx_hal_tim_ex.o
LOAD ./Drivers/STM32U5xx_HAL_Driver/Src/stm32u5xx_hal_uart.o
LOAD ./Drivers/STM32U5xx_HAL_Driver/Src/stm32u5xx_hal_uart_ex.o
LOAD ./Middlewares/ST/threadx/common/src/tx_block_allocate.o
LOAD ./Middlewares/ST/threadx/common/src/tx_block_pool_cleanup.o
LOAD ./Middlewares/ST/threadx/common/src/tx_block_pool_create.o
LOAD ./Middlewares/ST/threadx/common/src/tx_block_pool_delete.o
LOAD ./Middlewares/ST/threadx/common/src/tx_block_pool_info_get.o
LOAD ./Middlewares/ST/threadx/common/src/tx_block_pool_initialize.o
LOAD ./Middlewares/ST/threadx/common/src/tx_block_pool_prioritize.o
LOAD ./Middlewares/ST/threadx/common/src/tx_block_release.o
LOAD ./Middlewares/ST/threadx/common/src/tx_byte_allocate.o
LOAD ./Middlewares/ST/threadx/common/src/tx_byte_pool_cleanup.o
LOAD ./Middlewares/ST/threadx/common/src/tx_byte_pool_create.o
LOAD ./Middlewares/ST/threadx/common/src/tx_byte_pool_delete.o
LOAD ./Middlewares/ST/threadx/common/src/tx_byte_pool_info_get.o
LOAD ./Middlewares/ST/threadx/common/src/tx_byte_pool_initialize.o
LOAD ./Middlewares/ST/threadx/common/src/tx_byte_pool_prioritize.o
LOAD ./Middlewares/ST/threadx/common/src/tx_byte_pool_search.o
LOAD ./Middlewares/ST/threadx/common/src/tx_byte_release.o
LOAD ./Middlewares/ST/threadx/common/src/tx_event_flags_cleanup.o
LOAD ./Middlewares/ST/threadx/common/src/tx_event_flags_create.o
LOAD ./Middlewares/ST/threadx/common/src/tx_event_flags_delete.o
LOAD ./Middlewares/ST/threadx/common/src/tx_event_flags_get.o
LOAD ./Middlewares/ST/threadx/common/src/tx_event_flags_info_get.o
LOAD ./Middlewares/ST/threadx/common/src/tx_event_flags_initialize.o
LOAD ./Middlewares/ST/threadx/common/src/tx_event_flags_set.o
LOAD ./Middlewares/ST/threadx/common/src/tx_event_flags_set_notify.o
LOAD ./Middlewares/ST/threadx/common/src/tx_initialize_high_level.o
LOAD ./Middlewares/ST/threadx/common/src/tx_initialize_kernel_enter.o
LOAD ./Middlewares/ST/threadx/common/src/tx_initialize_kernel_setup.o
LOAD ./Middlewares/ST/threadx/common/src/tx_mutex_cleanup.o
LOAD ./Middlewares/ST/threadx/common/src/tx_mutex_create.o
LOAD ./Middlewares/ST/threadx/common/src/tx_mutex_delete.o
LOAD ./Middlewares/ST/threadx/common/src/tx_mutex_get.o
LOAD ./Middlewares/ST/threadx/common/src/tx_mutex_info_get.o
LOAD ./Middlewares/ST/threadx/common/src/tx_mutex_initialize.o
LOAD ./Middlewares/ST/threadx/common/src/tx_mutex_prioritize.o
LOAD ./Middlewares/ST/threadx/common/src/tx_mutex_priority_change.o
LOAD ./Middlewares/ST/threadx/common/src/tx_mutex_put.o
LOAD ./Middlewares/ST/threadx/common/src/tx_queue_cleanup.o
LOAD ./Middlewares/ST/threadx/common/src/tx_queue_create.o
LOAD ./Middlewares/ST/threadx/common/src/tx_queue_delete.o
LOAD ./Middlewares/ST/threadx/common/src/tx_queue_flush.o
LOAD ./Middlewares/ST/threadx/common/src/tx_queue_front_send.o
LOAD ./Middlewares/ST/threadx/common/src/tx_queue_info_get.o
LOAD ./Middlewares/ST/threadx/common/src/tx_queue_initialize.o
LOAD ./Middlewares/ST/threadx/common/src/tx_queue_prioritize.o
LOAD ./Middlewares/ST/threadx/common/src/tx_queue_receive.o
LOAD ./Middlewares/ST/threadx/common/src/tx_queue_send.o
LOAD ./Middlewares/ST/threadx/common/src/tx_queue_send_notify.o
LOAD ./Middlewares/ST/threadx/common/src/tx_semaphore_ceiling_put.o
LOAD ./Middlewares/ST/threadx/common/src/tx_semaphore_cleanup.o
LOAD ./Middlewares/ST/threadx/common/src/tx_semaphore_create.o
LOAD ./Middlewares/ST/threadx/common/src/tx_semaphore_delete.o
LOAD ./Middlewares/ST/threadx/common/src/tx_semaphore_get.o
LOAD ./Middlewares/ST/threadx/common/src/tx_semaphore_info_get.o
LOAD ./Middlewares/ST/threadx/common/src/tx_semaphore_initialize.o
LOAD ./Middlewares/ST/threadx/common/src/tx_semaphore_prioritize.o
LOAD ./Middlewares/ST/threadx/common/src/tx_semaphore_put.o
LOAD ./Middlewares/ST/threadx/common/src/tx_semaphore_put_notify.o
LOAD ./Middlewares/ST/threadx/common/src/tx_thread_create.o
LOAD ./Middlewares/ST/threadx/common/src/tx_thread_delete.o
LOAD ./Middlewares/ST/threadx/common/src/tx_thread_entry_exit_notify.o
LOAD ./Middlewares/ST/threadx/common/src/tx_thread_identify.o
LOAD ./Middlewares/ST/threadx/common/src/tx_thread_info_get.o
LOAD ./Middlewares/ST/threadx/common/src/tx_thread_initialize.o
LOAD ./Middlewares/ST/threadx/common/src/tx_thread_preemption_change.o
LOAD ./Middlewares/ST/threadx/common/src/tx_thread_priority_change.o
LOAD ./Middlewares/ST/threadx/common/src/tx_thread_relinquish.o
LOAD ./Middlewares/ST/threadx/common/src/tx_thread_reset.o
LOAD ./Middlewares/ST/threadx/common/src/tx_thread_resume.o
LOAD ./Middlewares/ST/threadx/common/src/tx_thread_shell_entry.o
LOAD ./Middlewares/ST/threadx/common/src/tx_thread_sleep.o
LOAD ./Middlewares/ST/threadx/common/src/tx_thread_stack_analyze.o
LOAD ./Middlewares/ST/threadx/common/src/tx_thread_stack_error_handler.o
LOAD ./Middlewares/ST/threadx/common/src/tx_thread_stack_error_notify.o
LOAD ./Middlewares/ST/threadx/common/src/tx_thread_suspend.o
LOAD ./Middlewares/ST/threadx/common/src/tx_thread_system_preempt_check.o
LOAD ./Middlewares/ST/threadx/common/src/tx_thread_system_resume.o
LOAD ./Middlewares/ST/threadx/common/src/tx_thread_system_suspend.o
LOAD ./Middlewares/ST/threadx/common/src/tx_thread_terminate.o
LOAD ./Middlewares/ST/threadx/common/src/tx_thread_time_slice.o
LOAD ./Middlewares/ST/threadx/common/src/tx_thread_time_slice_change.o
LOAD ./Middlewares/ST/threadx/common/src/tx_thread_timeout.o
LOAD ./Middlewares/ST/threadx/common/src/tx_thread_wait_abort.o
LOAD ./Middlewares/ST/threadx/common/src/tx_time_get.o
LOAD ./Middlewares/ST/threadx/common/src/tx_time_set.o
LOAD ./Middlewares/ST/threadx/common/src/tx_timer_activate.o
LOAD ./Middlewares/ST/threadx/common/src/tx_timer_change.o
LOAD ./Middlewares/ST/threadx/common/src/tx_timer_create.o
LOAD ./Middlewares/ST/threadx/common/src/tx_timer_deactivate.o
LOAD ./Middlewares/ST/threadx/common/src/tx_timer_delete.o
LOAD ./Middlewares/ST/threadx/common/src/tx_timer_expiration_process.o
LOAD ./Middlewares/ST/threadx/common/src/tx_timer_info_get.o
LOAD ./Middlewares/ST/threadx/common/src/tx_timer_initialize.o
LOAD ./Middlewares/ST/threadx/common/src/tx_timer_system_activate.o
LOAD ./Middlewares/ST/threadx/common/src/tx_timer_system_deactivate.o
LOAD ./Middlewares/ST/threadx/common/src/tx_timer_thread_entry.o
LOAD ./Middlewares/ST/threadx/common/src/txe_block_allocate.o
LOAD ./Middlewares/ST/threadx/common/src/txe_block_pool_create.o
LOAD ./Middlewares/ST/threadx/common/src/txe_block_pool_delete.o
LOAD ./Middlewares/ST/threadx/common/src/txe_block_pool_info_get.o
LOAD ./Middlewares/ST/threadx/common/src/txe_block_pool_prioritize.o
LOAD ./Middlewares/ST/threadx/common/src/txe_block_release.o
LOAD ./Middlewares/ST/threadx/common/src/txe_byte_allocate.o
LOAD ./Middlewares/ST/threadx/common/src/txe_byte_pool_create.o
LOAD ./Middlewares/ST/threadx/common/src/txe_byte_pool_delete.o
LOAD ./Middlewares/ST/threadx/common/src/txe_byte_pool_info_get.o
LOAD ./Middlewares/ST/threadx/common/src/txe_byte_pool_prioritize.o
LOAD ./Middlewares/ST/threadx/common/src/txe_byte_release.o
LOAD ./Middlewares/ST/threadx/common/src/txe_event_flags_create.o
LOAD ./Middlewares/ST/threadx/common/src/txe_event_flags_delete.o
LOAD ./Middlewares/ST/threadx/common/src/txe_event_flags_get.o
LOAD ./Middlewares/ST/threadx/common/src/txe_event_flags_info_get.o
LOAD ./Middlewares/ST/threadx/common/src/txe_event_flags_set.o
LOAD ./Middlewares/ST/threadx/common/src/txe_event_flags_set_notify.o
LOAD ./Middlewares/ST/threadx/common/src/txe_mutex_create.o
LOAD ./Middlewares/ST/threadx/common/src/txe_mutex_delete.o
LOAD ./Middlewares/ST/threadx/common/src/txe_mutex_get.o
LOAD ./Middlewares/ST/threadx/common/src/txe_mutex_info_get.o
LOAD ./Middlewares/ST/threadx/common/src/txe_mutex_prioritize.o
LOAD ./Middlewares/ST/threadx/common/src/txe_mutex_put.o
LOAD ./Middlewares/ST/threadx/common/src/txe_queue_create.o
LOAD ./Middlewares/ST/threadx/common/src/txe_queue_delete.o
LOAD ./Middlewares/ST/threadx/common/src/txe_queue_flush.o
LOAD ./Middlewares/ST/threadx/common/src/txe_queue_front_send.o
LOAD ./Middlewares/ST/threadx/common/src/txe_queue_info_get.o
LOAD ./Middlewares/ST/threadx/common/src/txe_queue_prioritize.o
LOAD ./Middlewares/ST/threadx/common/src/txe_queue_receive.o
LOAD ./Middlewares/ST/threadx/common/src/txe_queue_send.o
LOAD ./Middlewares/ST/threadx/common/src/txe_queue_send_notify.o
LOAD ./Middlewares/ST/threadx/common/src/txe_semaphore_ceiling_put.o
LOAD ./Middlewares/ST/threadx/common/src/txe_semaphore_create.o
LOAD ./Middlewares/ST/threadx/common/src/txe_semaphore_delete.o
LOAD ./Middlewares/ST/threadx/common/src/txe_semaphore_get.o
LOAD ./Middlewares/ST/threadx/common/src/txe_semaphore_info_get.o
LOAD ./Middlewares/ST/threadx/common/src/txe_semaphore_prioritize.o
LOAD ./Middlewares/ST/threadx/common/src/txe_semaphore_put.o
LOAD ./Middlewares/ST/threadx/common/src/txe_semaphore_put_notify.o
LOAD ./Middlewares/ST/threadx/common/src/txe_thread_create.o
LOAD ./Middlewares/ST/threadx/common/src/txe_thread_delete.o
LOAD ./Middlewares/ST/threadx/common/src/txe_thread_entry_exit_notify.o
LOAD ./Middlewares/ST/threadx/common/src/txe_thread_info_get.o
LOAD ./Middlewares/ST/threadx/common/src/txe_thread_preemption_change.o
LOAD ./Middlewares/ST/threadx/common/src/txe_thread_priority_change.o
LOAD ./Middlewares/ST/threadx/common/src/txe_thread_relinquish.o
LOAD ./Middlewares/ST/threadx/common/src/txe_thread_reset.o
LOAD ./Middlewares/ST/threadx/common/src/txe_thread_resume.o
LOAD ./Middlewares/ST/threadx/common/src/txe_thread_suspend.o
LOAD ./Middlewares/ST/threadx/common/src/txe_thread_terminate.o
LOAD ./Middlewares/ST/threadx/common/src/txe_thread_time_slice_change.o
LOAD ./Middlewares/ST/threadx/common/src/txe_thread_wait_abort.o
LOAD ./Middlewares/ST/threadx/common/src/txe_timer_activate.o
LOAD ./Middlewares/ST/threadx/common/src/txe_timer_change.o
LOAD ./Middlewares/ST/threadx/common/src/txe_timer_create.o
LOAD ./Middlewares/ST/threadx/common/src/txe_timer_deactivate.o
LOAD ./Middlewares/ST/threadx/common/src/txe_timer_delete.o
LOAD ./Middlewares/ST/threadx/common/src/txe_timer_info_get.o
LOAD ./Middlewares/ST/threadx/ports/cortex_m33/gnu/src/tx_thread_context_restore.o
LOAD ./Middlewares/ST/threadx/ports/cortex_m33/gnu/src/tx_thread_context_save.o
LOAD ./Middlewares/ST/threadx/ports/cortex_m33/gnu/src/tx_thread_interrupt_control.o
LOAD ./Middlewares/ST/threadx/ports/cortex_m33/gnu/src/tx_thread_schedule.o
LOAD ./Middlewares/ST/threadx/ports/cortex_m33/gnu/src/tx_thread_stack_build.o
LOAD ./Middlewares/ST/threadx/ports/cortex_m33/gnu/src/tx_thread_system_return.o
LOAD ./Middlewares/ST/threadx/ports/cortex_m33/gnu/src/tx_timer_interrupt.o
START GROUP
LOAD c:/st/stm32cubeide_1.10.1/stm32cubeide/plugins/com.st.stm32cube.ide.mcu.externaltools.gnu-tools-for-stm32.10.3-2021.10.win32_1.0.0.202111181127/tools/bin/../lib/gcc/arm-none-eabi/10.3.1/../../../../arm-none-eabi/lib/thumb/v8-m.main+fp/hard\libstdc++_nano.a
LOAD c:/st/stm32cubeide_1.10.1/stm32cubeide/plugins/com.st.stm32cube.ide.mcu.externaltools.gnu-tools-for-stm32.10.3-2021.10.win32_1.0.0.202111181127/tools/bin/../lib/gcc/arm-none-eabi/10.3.1/../../../../arm-none-eabi/lib/thumb/v8-m.main+fp/hard\libsupc++_nano.a
END GROUP
LOAD c:/st/stm32cubeide_1.10.1/stm32cubeide/plugins/com.st.stm32cube.ide.mcu.externaltools.gnu-tools-for-stm32.10.3-2021.10.win32_1.0.0.202111181127/tools/bin/../lib/gcc/arm-none-eabi/10.3.1/../../../../arm-none-eabi/lib/thumb/v8-m.main+fp/hard\libstdc++_nano.a
LOAD c:/st/stm32cubeide_1.10.1/stm32cubeide/plugins/com.st.stm32cube.ide.mcu.externaltools.gnu-tools-for-stm32.10.3-2021.10.win32_1.0.0.202111181127/tools/bin/../lib/gcc/arm-none-eabi/10.3.1/../../../../arm-none-eabi/lib/thumb/v8-m.main+fp/hard\libm.a
LOAD c:/st/stm32cubeide_1.10.1/stm32cubeide/plugins/com.st.stm32cube.ide.mcu.externaltools.gnu-tools-for-stm32.10.3-2021.10.win32_1.0.0.202111181127/tools/bin/../lib/gcc/arm-none-eabi/10.3.1/../../../../arm-none-eabi/lib/thumb/v8-m.main+fp/hard\libc_nano.a
START GROUP
LOAD c:/st/stm32cubeide_1.10.1/stm32cubeide/plugins/com.st.stm32cube.ide.mcu.externaltools.gnu-tools-for-stm32.10.3-2021.10.win32_1.0.0.202111181127/tools/bin/../lib/gcc/arm-none-eabi/10.3.1/thumb/v8-m.main+fp/hard\libgcc.a
LOAD c:/st/stm32cubeide_1.10.1/stm32cubeide/plugins/com.st.stm32cube.ide.mcu.externaltools.gnu-tools-for-stm32.10.3-2021.10.win32_1.0.0.202111181127/tools/bin/../lib/gcc/arm-none-eabi/10.3.1/../../../../arm-none-eabi/lib/thumb/v8-m.main+fp/hard\libc_nano.a
END GROUP
START GROUP
LOAD c:/st/stm32cubeide_1.10.1/stm32cubeide/plugins/com.st.stm32cube.ide.mcu.externaltools.gnu-tools-for-stm32.10.3-2021.10.win32_1.0.0.202111181127/tools/bin/../lib/gcc/arm-none-eabi/10.3.1/thumb/v8-m.main+fp/hard\libgcc.a
LOAD c:/st/stm32cubeide_1.10.1/stm32cubeide/plugins/com.st.stm32cube.ide.mcu.externaltools.gnu-tools-for-stm32.10.3-2021.10.win32_1.0.0.202111181127/tools/bin/../lib/gcc/arm-none-eabi/10.3.1/../../../../arm-none-eabi/lib/thumb/v8-m.main+fp/hard\libc_nano.a
LOAD c:/st/stm32cubeide_1.10.1/stm32cubeide/plugins/com.st.stm32cube.ide.mcu.externaltools.gnu-tools-for-stm32.10.3-2021.10.win32_1.0.0.202111181127/tools/bin/../lib/gcc/arm-none-eabi/10.3.1/../../../../arm-none-eabi/lib/thumb/v8-m.main+fp/hard\libnosys.a
END GROUP
START GROUP
LOAD c:/st/stm32cubeide_1.10.1/stm32cubeide/plugins/com.st.stm32cube.ide.mcu.externaltools.gnu-tools-for-stm32.10.3-2021.10.win32_1.0.0.202111181127/tools/bin/../lib/gcc/arm-none-eabi/10.3.1/thumb/v8-m.main+fp/hard\libgcc.a
LOAD c:/st/stm32cubeide_1.10.1/stm32cubeide/plugins/com.st.stm32cube.ide.mcu.externaltools.gnu-tools-for-stm32.10.3-2021.10.win32_1.0.0.202111181127/tools/bin/../lib/gcc/arm-none-eabi/10.3.1/../../../../arm-none-eabi/lib/thumb/v8-m.main+fp/hard\libc_nano.a
LOAD c:/st/stm32cubeide_1.10.1/stm32cubeide/plugins/com.st.stm32cube.ide.mcu.externaltools.gnu-tools-for-stm32.10.3-2021.10.win32_1.0.0.202111181127/tools/bin/../lib/gcc/arm-none-eabi/10.3.1/../../../../arm-none-eabi/lib/thumb/v8-m.main+fp/hard\libnosys.a
END GROUP
LOAD c:/st/stm32cubeide_1.10.1/stm32cubeide/plugins/com.st.stm32cube.ide.mcu.externaltools.gnu-tools-for-stm32.10.3-2021.10.win32_1.0.0.202111181127/tools/bin/../lib/gcc/arm-none-eabi/10.3.1/thumb/v8-m.main+fp/hard/crtend.o
LOAD c:/st/stm32cubeide_1.10.1/stm32cubeide/plugins/com.st.stm32cube.ide.mcu.externaltools.gnu-tools-for-stm32.10.3-2021.10.win32_1.0.0.202111181127/tools/bin/../lib/gcc/arm-none-eabi/10.3.1/thumb/v8-m.main+fp/hard/crtn.o
                0x00000000200c0000                _estack = (ORIGIN (RAM) + LENGTH (RAM))
                0x0000000000000200                _Min_Heap_Size = 0x200
                0x0000000000000400                _Min_Stack_Size = 0x400

.isr_vector     0x0000000008000000      0x234
 *(.isr_vector)
 .isr_vector    0x0000000008000000      0x234 ./Core/Startup/startup_stm32u575zitxq.o
                0x0000000008000000                g_pfnVectors

.text           0x0000000008000238    0x1504c
 *(.text)
 .text          0x0000000008000238       0x40 c:/st/stm32cubeide_1.10.1/stm32cubeide/plugins/com.st.stm32cube.ide.mcu.externaltools.gnu-tools-for-stm32.10.3-2021.10.win32_1.0.0.202111181127/tools/bin/../lib/gcc/arm-none-eabi/10.3.1/thumb/v8-m.main+fp/hard/crtbegin.o
 .text          0x0000000008000278       0x78 ./Core/Src/tx_initialize_low_level.o
                0x0000000008000278                _tx_initialize_low_level
                0x00000000080002bc                __tx_BadHandler
                0x00000000080002c0                __tx_IntHandler
                0x00000000080002c8                SysTick_Handler
                0x00000000080002d4                __tx_NMIHandler
                0x00000000080002d8                __tx_DBGHandler
 .text          0x00000000080002f0        0x4 ./Middlewares/ST/threadx/ports/cortex_m33/gnu/src/tx_thread_context_restore.o
                0x00000000080002f0                _tx_thread_context_restore
 .text          0x00000000080002f4        0x4 ./Middlewares/ST/threadx/ports/cortex_m33/gnu/src/tx_thread_context_save.o
                0x00000000080002f4                _tx_thread_context_save
 .text          0x00000000080002f8       0xcc ./Middlewares/ST/threadx/ports/cortex_m33/gnu/src/tx_thread_schedule.o
                0x00000000080002f8                _tx_thread_schedule
                0x0000000008000324                PendSV_Handler
                0x00000000080003b0                _tx_vfp_access
 .text          0x00000000080003c4       0x40 ./Middlewares/ST/threadx/ports/cortex_m33/gnu/src/tx_thread_stack_build.o
                0x00000000080003c4                _tx_thread_stack_build
 .text          0x0000000008000404       0xb8 ./Middlewares/ST/threadx/ports/cortex_m33/gnu/src/tx_timer_interrupt.o
                0x0000000008000404                _tx_timer_interrupt
 .text          0x00000000080004bc       0x10 c:/st/stm32cubeide_1.10.1/stm32cubeide/plugins/com.st.stm32cube.ide.mcu.externaltools.gnu-tools-for-stm32.10.3-2021.10.win32_1.0.0.202111181127/tools/bin/../lib/gcc/arm-none-eabi/10.3.1/../../../../arm-none-eabi/lib/thumb/v8-m.main+fp/hard\libc_nano.a(lib_a-strlen.o)
                0x00000000080004bc                strlen
 .text          0x00000000080004cc      0x378 c:/st/stm32cubeide_1.10.1/stm32cubeide/plugins/com.st.stm32cube.ide.mcu.externaltools.gnu-tools-for-stm32.10.3-2021.10.win32_1.0.0.202111181127/tools/bin/../lib/gcc/arm-none-eabi/10.3.1/thumb/v8-m.main+fp/hard\libgcc.a(_arm_addsubdf3.o)
                0x00000000080004cc                __aeabi_drsub
                0x00000000080004d4                __aeabi_dsub
                0x00000000080004d4                __subdf3
                0x00000000080004d8                __aeabi_dadd
                0x00000000080004d8                __adddf3
                0x0000000008000750                __floatunsidf
                0x0000000008000750                __aeabi_ui2d
                0x0000000008000770                __floatsidf
                0x0000000008000770                __aeabi_i2d
                0x0000000008000794                __aeabi_f2d
                0x0000000008000794                __extendsfdf2
                0x00000000080007d8                __floatundidf
                0x00000000080007d8                __aeabi_ul2d
                0x00000000080007e8                __floatdidf
                0x00000000080007e8                __aeabi_l2d
 .text          0x0000000008000844      0x424 c:/st/stm32cubeide_1.10.1/stm32cubeide/plugins/com.st.stm32cube.ide.mcu.externaltools.gnu-tools-for-stm32.10.3-2021.10.win32_1.0.0.202111181127/tools/bin/../lib/gcc/arm-none-eabi/10.3.1/thumb/v8-m.main+fp/hard\libgcc.a(_arm_muldivdf3.o)
                0x0000000008000844                __aeabi_dmul
                0x0000000008000844                __muldf3
                0x0000000008000a98                __divdf3
                0x0000000008000a98                __aeabi_ddiv
 .text          0x0000000008000c68      0x110 c:/st/stm32cubeide_1.10.1/stm32cubeide/plugins/com.st.stm32cube.ide.mcu.externaltools.gnu-tools-for-stm32.10.3-2021.10.win32_1.0.0.202111181127/tools/bin/../lib/gcc/arm-none-eabi/10.3.1/thumb/v8-m.main+fp/hard\libgcc.a(_arm_cmpdf2.o)
                0x0000000008000c68                __gtdf2
                0x0000000008000c68                __gedf2
                0x0000000008000c70                __ltdf2
                0x0000000008000c70                __ledf2
                0x0000000008000c78                __nedf2
                0x0000000008000c78                __eqdf2
                0x0000000008000c78                __cmpdf2
                0x0000000008000cf4                __aeabi_cdrcmple
                0x0000000008000d04                __aeabi_cdcmpeq
                0x0000000008000d04                __aeabi_cdcmple
                0x0000000008000d14                __aeabi_dcmpeq
                0x0000000008000d28                __aeabi_dcmplt
                0x0000000008000d3c                __aeabi_dcmple
                0x0000000008000d50                __aeabi_dcmpge
                0x0000000008000d64                __aeabi_dcmpgt
 .text          0x0000000008000d78       0x2c c:/st/stm32cubeide_1.10.1/stm32cubeide/plugins/com.st.stm32cube.ide.mcu.externaltools.gnu-tools-for-stm32.10.3-2021.10.win32_1.0.0.202111181127/tools/bin/../lib/gcc/arm-none-eabi/10.3.1/thumb/v8-m.main+fp/hard\libgcc.a(_arm_unorddf2.o)
                0x0000000008000d78                __unorddf2
                0x0000000008000d78                __aeabi_dcmpun
 .text          0x0000000008000da4       0x50 c:/st/stm32cubeide_1.10.1/stm32cubeide/plugins/com.st.stm32cube.ide.mcu.externaltools.gnu-tools-for-stm32.10.3-2021.10.win32_1.0.0.202111181127/tools/bin/../lib/gcc/arm-none-eabi/10.3.1/thumb/v8-m.main+fp/hard\libgcc.a(_arm_fixdfsi.o)
                0x0000000008000da4                __aeabi_d2iz
                0x0000000008000da4                __fixdfsi
 .text          0x0000000008000df4       0x40 c:/st/stm32cubeide_1.10.1/stm32cubeide/plugins/com.st.stm32cube.ide.mcu.externaltools.gnu-tools-for-stm32.10.3-2021.10.win32_1.0.0.202111181127/tools/bin/../lib/gcc/arm-none-eabi/10.3.1/thumb/v8-m.main+fp/hard\libgcc.a(_arm_fixunsdfsi.o)
                0x0000000008000df4                __aeabi_d2uiz
                0x0000000008000df4                __fixunsdfsi
 .text          0x0000000008000e34       0xa0 c:/st/stm32cubeide_1.10.1/stm32cubeide/plugins/com.st.stm32cube.ide.mcu.externaltools.gnu-tools-for-stm32.10.3-2021.10.win32_1.0.0.202111181127/tools/bin/../lib/gcc/arm-none-eabi/10.3.1/thumb/v8-m.main+fp/hard\libgcc.a(_arm_truncdfsf2.o)
                0x0000000008000e34                __truncdfsf2
                0x0000000008000e34                __aeabi_d2f
 .text          0x0000000008000ed4       0x30 c:/st/stm32cubeide_1.10.1/stm32cubeide/plugins/com.st.stm32cube.ide.mcu.externaltools.gnu-tools-for-stm32.10.3-2021.10.win32_1.0.0.202111181127/tools/bin/../lib/gcc/arm-none-eabi/10.3.1/thumb/v8-m.main+fp/hard\libgcc.a(_aeabi_uldivmod.o)
                0x0000000008000ed4                __aeabi_uldivmod
 .text          0x0000000008000f04       0x30 c:/st/stm32cubeide_1.10.1/stm32cubeide/plugins/com.st.stm32cube.ide.mcu.externaltools.gnu-tools-for-stm32.10.3-2021.10.win32_1.0.0.202111181127/tools/bin/../lib/gcc/arm-none-eabi/10.3.1/thumb/v8-m.main+fp/hard\libgcc.a(_fixdfdi.o)
                0x0000000008000f04                __fixdfdi
                0x0000000008000f04                __aeabi_d2lz
 .text          0x0000000008000f34       0x3c c:/st/stm32cubeide_1.10.1/stm32cubeide/plugins/com.st.stm32cube.ide.mcu.externaltools.gnu-tools-for-stm32.10.3-2021.10.win32_1.0.0.202111181127/tools/bin/../lib/gcc/arm-none-eabi/10.3.1/thumb/v8-m.main+fp/hard\libgcc.a(_fixunsdfdi.o)
                0x0000000008000f34                __fixunsdfdi
                0x0000000008000f34                __aeabi_d2ulz
 .text          0x0000000008000f70      0x2ec c:/st/stm32cubeide_1.10.1/stm32cubeide/plugins/com.st.stm32cube.ide.mcu.externaltools.gnu-tools-for-stm32.10.3-2021.10.win32_1.0.0.202111181127/tools/bin/../lib/gcc/arm-none-eabi/10.3.1/thumb/v8-m.main+fp/hard\libgcc.a(_udivmoddi4.o)
                0x0000000008000f70                __udivmoddi4
 .text          0x000000000800125c        0x4 c:/st/stm32cubeide_1.10.1/stm32cubeide/plugins/com.st.stm32cube.ide.mcu.externaltools.gnu-tools-for-stm32.10.3-2021.10.win32_1.0.0.202111181127/tools/bin/../lib/gcc/arm-none-eabi/10.3.1/thumb/v8-m.main+fp/hard\libgcc.a(_dvmd_tls.o)
                0x000000000800125c                __aeabi_idiv0
                0x000000000800125c                __aeabi_ldiv0
 *(.text*)
 .text.tx_application_define
                0x0000000008001260       0x44 ./AZURE_RTOS/App/app_azure_rtos.o
                0x0000000008001260                tx_application_define
 .text.c_FFTImplementationCallback_r2b.isra.0
                0x00000000080012a4      0x1e6 ./Core/Src/NEDWaves/FFTImplementationCallback.o
 *fill*         0x000000000800148a        0x2 
 .text.c_FFTImplementationCallback_doH
                0x000000000800148c      0x6b4 ./Core/Src/NEDWaves/FFTImplementationCallback.o
                0x000000000800148c                c_FFTImplementationCallback_doH
 .text.c_FFTImplementationCallback_dob
                0x0000000008001b40      0xee0 ./Core/Src/NEDWaves/FFTImplementationCallback.o
                0x0000000008001b40                c_FFTImplementationCallback_dob
 .text.b_binary_expand_op
                0x0000000008002a20       0xe0 ./Core/Src/NEDWaves/NEDwaves_memlight.o
 .text.binary_expand_op
                0x0000000008002b00      0x110 ./Core/Src/NEDWaves/NEDwaves_memlight.o
 .text.rt_roundd_snf
                0x0000000008002c10       0x80 ./Core/Src/NEDWaves/NEDwaves_memlight.o
 .text.NEDwaves_memlight
                0x0000000008002c90     0x1430 ./Core/Src/NEDWaves/NEDwaves_memlight.o
                0x0000000008002c90                NEDwaves_memlight
 .text.emxCreate_real32_T
                0x00000000080040c0       0x2e ./Core/Src/NEDWaves/NEDwaves_memlight_emxAPI.o
                0x00000000080040c0                emxCreate_real32_T
 .text.emxDestroyArray_real32_T
                0x00000000080040ee       0x10 ./Core/Src/NEDWaves/NEDwaves_memlight_emxAPI.o
                0x00000000080040ee                emxDestroyArray_real32_T
 .text.emxEnsureCapacity_boolean_T
                0x00000000080040fe       0x64 ./Core/Src/NEDWaves/NEDwaves_memlight_emxutil.o
                0x00000000080040fe                emxEnsureCapacity_boolean_T
 .text.emxEnsureCapacity_creal32_T
                0x0000000008004162       0x66 ./Core/Src/NEDWaves/NEDwaves_memlight_emxutil.o
                0x0000000008004162                emxEnsureCapacity_creal32_T
 .text.emxEnsureCapacity_int32_T
                0x00000000080041c8       0x66 ./Core/Src/NEDWaves/NEDwaves_memlight_emxutil.o
                0x00000000080041c8                emxEnsureCapacity_int32_T
 .text.emxEnsureCapacity_real32_T
                0x000000000800422e       0x66 ./Core/Src/NEDWaves/NEDwaves_memlight_emxutil.o
                0x000000000800422e                emxEnsureCapacity_real32_T
 .text.emxEnsureCapacity_real_T
                0x0000000008004294       0x66 ./Core/Src/NEDWaves/NEDwaves_memlight_emxutil.o
                0x0000000008004294                emxEnsureCapacity_real_T
 .text.emxFree_boolean_T
                0x00000000080042fa       0x28 ./Core/Src/NEDWaves/NEDwaves_memlight_emxutil.o
                0x00000000080042fa                emxFree_boolean_T
 .text.emxFree_creal32_T
                0x0000000008004322       0x28 ./Core/Src/NEDWaves/NEDwaves_memlight_emxutil.o
                0x0000000008004322                emxFree_creal32_T
 .text.emxFree_int32_T
                0x000000000800434a       0x28 ./Core/Src/NEDWaves/NEDwaves_memlight_emxutil.o
                0x000000000800434a                emxFree_int32_T
 .text.emxFree_real32_T
                0x0000000008004372       0x28 ./Core/Src/NEDWaves/NEDwaves_memlight_emxutil.o
                0x0000000008004372                emxFree_real32_T
 .text.emxFree_real_T
                0x000000000800439a       0x28 ./Core/Src/NEDWaves/NEDwaves_memlight_emxutil.o
                0x000000000800439a                emxFree_real_T
 .text.emxInit_boolean_T
                0x00000000080043c2       0x2a ./Core/Src/NEDWaves/NEDwaves_memlight_emxutil.o
                0x00000000080043c2                emxInit_boolean_T
 .text.emxInit_creal32_T
                0x00000000080043ec       0x34 ./Core/Src/NEDWaves/NEDwaves_memlight_emxutil.o
                0x00000000080043ec                emxInit_creal32_T
 .text.emxInit_int32_T
                0x0000000008004420       0x34 ./Core/Src/NEDWaves/NEDwaves_memlight_emxutil.o
                0x0000000008004420                emxInit_int32_T
 .text.emxInit_real32_T
                0x0000000008004454       0x34 ./Core/Src/NEDWaves/NEDwaves_memlight_emxutil.o
                0x0000000008004454                emxInit_real32_T
 .text.emxInit_real_T
                0x0000000008004488       0x2a ./Core/Src/NEDWaves/NEDwaves_memlight_emxutil.o
                0x0000000008004488                emxInit_real_T
 .text.b_bsearch
                0x00000000080044b2       0x5a ./Core/Src/NEDWaves/bsearch.o
                0x00000000080044b2                b_bsearch
 .text.fft      0x000000000800450c      0x448 ./Core/Src/NEDWaves/fft.o
                0x000000000800450c                fft
 .text.b_interp1
                0x0000000008004954      0x284 ./Core/Src/NEDWaves/interp1.o
                0x0000000008004954                b_interp1
 .text.interp1  0x0000000008004bd8      0x22c ./Core/Src/NEDWaves/interp1.o
                0x0000000008004bd8                interp1
 .text.mean     0x0000000008004e04       0x98 ./Core/Src/NEDWaves/mean.o
                0x0000000008004e04                mean
 .text.waves_memory_pool_init
                0x0000000008004e9c        0xc ./Core/Src/NEDWaves/mem_replacements.o
                0x0000000008004e9c                waves_memory_pool_init
 .text.waves_memory_pool_create
                0x0000000008004ea8       0x24 ./Core/Src/NEDWaves/mem_replacements.o
                0x0000000008004ea8                waves_memory_pool_create
 .text.waves_memory_pool_delete
                0x0000000008004ecc        0xc ./Core/Src/NEDWaves/mem_replacements.o
                0x0000000008004ecc                waves_memory_pool_delete
 .text.malloc_replacement
                0x0000000008004ed8       0x28 ./Core/Src/NEDWaves/mem_replacements.o
                0x0000000008004ed8                malloc_replacement
 .text.calloc_replacement
                0x0000000008004f00       0x34 ./Core/Src/NEDWaves/mem_replacements.o
                0x0000000008004f00                calloc_replacement
 .text.free_replacement
                0x0000000008004f34        0x4 ./Core/Src/NEDWaves/mem_replacements.o
                0x0000000008004f34                free_replacement
 .text.argInit_1xUnbounded_real32_T
                0x0000000008004f38        0x8 ./Core/Src/NEDWaves/mem_replacements.o
                0x0000000008004f38                argInit_1xUnbounded_real32_T
 .text.b_nullAssignment
                0x0000000008004f40       0x66 ./Core/Src/NEDWaves/nullAssignment.o
                0x0000000008004f40                b_nullAssignment
 .text.nullAssignment
                0x0000000008004fa6       0xca ./Core/Src/NEDWaves/nullAssignment.o
                0x0000000008004fa6                nullAssignment
 .text.rtIsInfF
                0x0000000008005070       0x44 ./Core/Src/NEDWaves/rt_nonfinite.o
                0x0000000008005070                rtIsInfF
 .text.rtIsNaN  0x00000000080050b4       0x18 ./Core/Src/NEDWaves/rt_nonfinite.o
                0x00000000080050b4                rtIsNaN
 .text.rtIsNaNF
                0x00000000080050cc       0x1a ./Core/Src/NEDWaves/rt_nonfinite.o
                0x00000000080050cc                rtIsNaNF
 *fill*         0x00000000080050e6        0x2 
 .text.halfToFloat
                0x00000000080050e8       0x38 ./Core/Src/NEDWaves/rtwhalf.o
                0x00000000080050e8                halfToFloat
 .text.floatToHalf
                0x0000000008005120       0xa8 ./Core/Src/NEDWaves/rtwhalf.o
                0x0000000008005120                floatToHalf
 .text.doubleToHalf
                0x00000000080051c8       0xd4 ./Core/Src/NEDWaves/rtwhalf.o
                0x00000000080051c8                doubleToHalf
 .text.var      0x000000000800529c       0xe4 ./Core/Src/NEDWaves/var.o
                0x000000000800529c                var
 .text.ct_get_averages
                0x0000000008005380       0x86 ./Core/Src/Peripherals/ct_sensor.o
                0x0000000008005380                ct_get_averages
 *fill*         0x0000000008005406        0x2 
 .text.ct_on_off
                0x0000000008005408       0x10 ./Core/Src/Peripherals/ct_sensor.o
                0x0000000008005408                ct_on_off
 .text.reset_ct_uart
                0x0000000008005418       0x6c ./Core/Src/Peripherals/ct_sensor.o
                0x0000000008005418                reset_ct_uart
 .text.ct_parse_sample
                0x0000000008005484      0x100 ./Core/Src/Peripherals/ct_sensor.o
                0x0000000008005484                ct_parse_sample
 .text.ct_self_test
                0x0000000008005584      0x108 ./Core/Src/Peripherals/ct_sensor.o
                0x0000000008005584                ct_self_test
 *fill*         0x000000000800568c        0x4 
 .text.ct_init  0x0000000008005690       0x7c ./Core/Src/Peripherals/ct_sensor.o
                0x0000000008005690                ct_init
 .text.gnss_get_location
                0x000000000800570c       0x38 ./Core/Src/Peripherals/gnss.o
                0x000000000800570c                gnss_get_location
 .text.gnss_get_running_average_velocities
                0x0000000008005744       0xd0 ./Core/Src/Peripherals/gnss.o
                0x0000000008005744                gnss_get_running_average_velocities
 .text.gnss_cycle_power
                0x0000000008005814       0x26 ./Core/Src/Peripherals/gnss.o
                0x0000000008005814                gnss_cycle_power
 .text.gnss_sync_and_start_reception
                0x000000000800583a      0x1a4 ./Core/Src/Peripherals/gnss.o
                0x000000000800583a                gnss_sync_and_start_reception
 *fill*         0x00000000080059de        0x2 
 .text.get_timestamp
                0x00000000080059e0      0x104 ./Core/Src/Peripherals/gnss.o
 .text.gnss_process_message
                0x0000000008005ae4      0x21c ./Core/Src/Peripherals/gnss.o
                0x0000000008005ae4                gnss_process_message
 .text.gnss_sleep
                0x0000000008005d00       0x4c ./Core/Src/Peripherals/gnss.o
                0x0000000008005d00                gnss_sleep
 .text.gnss_on_off
                0x0000000008005d4c       0x10 ./Core/Src/Peripherals/gnss.o
                0x0000000008005d4c                gnss_on_off
 .text.gnss_reset_timer
                0x0000000008005d5c       0x54 ./Core/Src/Peripherals/gnss.o
                0x0000000008005d5c                gnss_reset_timer
 .text.gnss_set_rtc
                0x0000000008005db0       0x92 ./Core/Src/Peripherals/gnss.o
                0x0000000008005db0                gnss_set_rtc
 .text.send_config.constprop.0
                0x0000000008005e42      0x122 ./Core/Src/Peripherals/gnss.o
 .text.gnss_config
                0x0000000008005f64       0x78 ./Core/Src/Peripherals/gnss.o
                0x0000000008005f64                gnss_config
 .text.gnss_reset_uart
                0x0000000008005fdc       0x68 ./Core/Src/Peripherals/gnss.o
                0x0000000008005fdc                gnss_reset_uart
 .text.gnss_init
                0x0000000008006044       0xb0 ./Core/Src/Peripherals/gnss.o
                0x0000000008006044                gnss_init
 .text.iridium_storage_queue_flush
                0x00000000080060f4       0x22 ./Core/Src/Peripherals/iridium.o
                0x00000000080060f4                iridium_storage_queue_flush
 *fill*         0x0000000008006116        0x2 
 .text.send_basic_command_message
                0x0000000008006118       0x64 ./Core/Src/Peripherals/iridium.o
 .text.cycle_power
                0x000000000800617c       0x26 ./Core/Src/Peripherals/iridium.o
 *fill*         0x00000000080061a2        0x2 
 .text.iridium_config
                0x00000000080061a4       0xb0 ./Core/Src/Peripherals/iridium.o
                0x00000000080061a4                iridium_config
 .text.iridium_self_test
                0x0000000008006254       0x68 ./Core/Src/Peripherals/iridium.o
                0x0000000008006254                iridium_self_test
 .text.iridium_sleep
                0x00000000080062bc       0x10 ./Core/Src/Peripherals/iridium.o
                0x00000000080062bc                iridium_sleep
 .text.iridium_store_in_flash
                0x00000000080062cc        0xe ./Core/Src/Peripherals/iridium.o
                0x00000000080062cc                iridium_store_in_flash
 *fill*         0x00000000080062da        0x2 
 .text.iridium_reset_timer
                0x00000000080062dc       0x54 ./Core/Src/Peripherals/iridium.o
                0x00000000080062dc                iridium_reset_timer
 .text.iridium_storage_queue_add
                0x0000000008006330       0x58 ./Core/Src/Peripherals/iridium.o
                0x0000000008006330                iridium_storage_queue_add
 .text.internal_transmit_message
                0x0000000008006388      0x1d4 ./Core/Src/Peripherals/iridium.o
 .text.iridium_transmit_error_message
                0x000000000800655c       0xba ./Core/Src/Peripherals/iridium.o
                0x000000000800655c                iridium_transmit_error_message
 *fill*         0x0000000008006616        0x2 
 .text.iridium_get_timestamp
                0x0000000008006618      0x10c ./Core/Src/Peripherals/iridium.o
                0x0000000008006618                iridium_get_timestamp
 .text.iridium_on_off
                0x0000000008006724       0x48 ./Core/Src/Peripherals/iridium.o
                0x0000000008006724                iridium_on_off
 .text.iridium_storage_queue_get
                0x000000000800676c       0x60 ./Core/Src/Peripherals/iridium.o
                0x000000000800676c                iridium_storage_queue_get
 .text.iridium_transmit_message
                0x00000000080067cc      0x148 ./Core/Src/Peripherals/iridium.o
                0x00000000080067cc                iridium_transmit_message
 .text.iridium_reset_iridium_uart
                0x0000000008006914       0x7c ./Core/Src/Peripherals/iridium.o
                0x0000000008006914                iridium_reset_iridium_uart
 .text.iridium_init
                0x0000000008006990       0xac ./Core/Src/Peripherals/iridium.o
                0x0000000008006990                iridium_init
 .text.rf_switch_power_on
                0x0000000008006a3c        0xa ./Core/Src/Peripherals/rf_switch.o
                0x0000000008006a3c                rf_switch_power_on
 .text.rf_switch_power_off
                0x0000000008006a46        0xa ./Core/Src/Peripherals/rf_switch.o
                0x0000000008006a46                rf_switch_power_off
 .text.rf_switch_set_gnss_port
                0x0000000008006a50       0x1c ./Core/Src/Peripherals/rf_switch.o
                0x0000000008006a50                rf_switch_set_gnss_port
 .text.rf_switch_set_iridium_port
                0x0000000008006a6c       0x1c ./Core/Src/Peripherals/rf_switch.o
                0x0000000008006a6c                rf_switch_set_iridium_port
 .text.rf_switch_init
                0x0000000008006a88       0x34 ./Core/Src/Peripherals/rf_switch.o
                0x0000000008006a88                rf_switch_init
 .text.uUbxProtocolEncode
                0x0000000008006abc       0x5a ./Core/Src/Peripherals/u_ubx_protocol.o
                0x0000000008006abc                uUbxProtocolEncode
 .text.uUbxProtocolDecode
                0x0000000008006b16       0xe0 ./Core/Src/Peripherals/u_ubx_protocol.o
                0x0000000008006b16                uUbxProtocolDecode
 *fill*         0x0000000008006bf6        0x2 
 .text.start_GNSS_UART_DMA
                0x0000000008006bf8       0xa8 ./Core/Src/app_threadx.o
                0x0000000008006bf8                start_GNSS_UART_DMA
 .text.App_ThreadX_Init
                0x0000000008006ca0      0x2b8 ./Core/Src/app_threadx.o
                0x0000000008006ca0                App_ThreadX_Init
 .text.MX_ThreadX_Init
                0x0000000008006f58       0x28 ./Core/Src/app_threadx.o
                0x0000000008006f58                MX_ThreadX_Init
 .text.HAL_UART_RxCpltCallback
                0x0000000008006f80       0x78 ./Core/Src/app_threadx.o
                0x0000000008006f80                HAL_UART_RxCpltCallback
 .text.HAL_TIM_PeriodElapsedCallback
                0x0000000008006ff8       0x44 ./Core/Src/app_threadx.o
                0x0000000008006ff8                HAL_TIM_PeriodElapsedCallback
 .text.HAL_RTC_AlarmAEventCallback
                0x000000000800703c       0x18 ./Core/Src/app_threadx.o
                0x000000000800703c                HAL_RTC_AlarmAEventCallback
 .text.HAL_Delay
                0x0000000008007054       0x34 ./Core/Src/app_threadx.o
                0x0000000008007054                HAL_Delay
 .text.shut_it_all_down
                0x0000000008007088       0x5c ./Core/Src/app_threadx.o
                0x0000000008007088                shut_it_all_down
 .text.startup_thread_entry
                0x00000000080070e4      0x400 ./Core/Src/app_threadx.o
                0x00000000080070e4                startup_thread_entry
 .text.jump_to_end_of_window
                0x00000000080074e4       0x6c ./Core/Src/app_threadx.o
 .text.gnss_thread_entry
                0x0000000008007550      0x18c ./Core/Src/app_threadx.o
                0x0000000008007550                gnss_thread_entry
 .text.jump_to_waves
                0x00000000080076dc       0x44 ./Core/Src/app_threadx.o
 .text.ct_thread_entry
                0x0000000008007720       0xd8 ./Core/Src/app_threadx.o
                0x0000000008007720                ct_thread_entry
 .text.waves_thread_entry
                0x00000000080077f8      0x18c ./Core/Src/app_threadx.o
                0x00000000080077f8                waves_thread_entry
 .text.iridium_thread_entry
                0x0000000008007984       0xb0 ./Core/Src/app_threadx.o
                0x0000000008007984                iridium_thread_entry
 .text.end_of_cycle_thread_entry
                0x0000000008007a34      0x274 ./Core/Src/app_threadx.o
                0x0000000008007a34                end_of_cycle_thread_entry
 .text.get_two_bytes
                0x0000000008007ca8       0x18 ./Core/Src/byte_array.o
                0x0000000008007ca8                get_two_bytes
 .text.get_four_bytes
                0x0000000008007cc0       0x2e ./Core/Src/byte_array.o
                0x0000000008007cc0                get_four_bytes
 *fill*         0x0000000008007cee        0x2 
 .text.MX_GNSS_LL_Queue_Config
                0x0000000008007cf0       0x64 ./Core/Src/linked_list.o
                0x0000000008007cf0                MX_GNSS_LL_Queue_Config
 .text.Error_Handler
                0x0000000008007d54        0xe ./Core/Src/main.o
                0x0000000008007d54                Error_Handler
 *fill*         0x0000000008007d62        0x2 
 .text.SystemClock_Config
                0x0000000008007d64       0x8c ./Core/Src/main.o
                0x0000000008007d64                SystemClock_Config
 .text.startup.main
                0x0000000008007df0      0x66c ./Core/Src/main.o
                0x0000000008007df0                main
 .text.HAL_MspInit
                0x000000000800845c       0x64 ./Core/Src/stm32u5xx_hal_msp.o
                0x000000000800845c                HAL_MspInit
 .text.HAL_ADC_MspInit
                0x00000000080084c0       0x5c ./Core/Src/stm32u5xx_hal_msp.o
                0x00000000080084c0                HAL_ADC_MspInit
 .text.HAL_UART_MspInit
                0x000000000800851c      0x304 ./Core/Src/stm32u5xx_hal_msp.o
                0x000000000800851c                HAL_UART_MspInit
 .text.HAL_UART_MspDeInit
                0x0000000008008820       0xac ./Core/Src/stm32u5xx_hal_msp.o
                0x0000000008008820                HAL_UART_MspDeInit
 .text.HAL_RTC_MspInit
                0x00000000080088cc       0x84 ./Core/Src/stm32u5xx_hal_msp.o
                0x00000000080088cc                HAL_RTC_MspInit
 .text.HAL_TIM_Base_MspInit
                0x0000000008008950       0x6c ./Core/Src/stm32u5xx_hal_msp.o
                0x0000000008008950                HAL_TIM_Base_MspInit
 .text.HAL_TIM_Base_MspDeInit
                0x00000000080089bc       0x40 ./Core/Src/stm32u5xx_hal_msp.o
                0x00000000080089bc                HAL_TIM_Base_MspDeInit
 .text.HAL_InitTick
                0x00000000080089fc       0x94 ./Core/Src/stm32u5xx_hal_timebase_tim.o
                0x00000000080089fc                HAL_InitTick
 .text.HAL_SuspendTick
                0x0000000008008a90       0x14 ./Core/Src/stm32u5xx_hal_timebase_tim.o
                0x0000000008008a90                HAL_SuspendTick
 .text.HAL_ResumeTick
                0x0000000008008aa4       0x14 ./Core/Src/stm32u5xx_hal_timebase_tim.o
                0x0000000008008aa4                HAL_ResumeTick
 .text.NMI_Handler
                0x0000000008008ab8        0xc ./Core/Src/stm32u5xx_it.o
                0x0000000008008ab8                NMI_Handler
 .text.HardFault_Handler
                0x0000000008008ac4        0xc ./Core/Src/stm32u5xx_it.o
                0x0000000008008ac4                HardFault_Handler
 .text.MemManage_Handler
                0x0000000008008ad0        0x6 ./Core/Src/stm32u5xx_it.o
                0x0000000008008ad0                MemManage_Handler
 .text.BusFault_Handler
                0x0000000008008ad6        0x6 ./Core/Src/stm32u5xx_it.o
                0x0000000008008ad6                BusFault_Handler
 .text.UsageFault_Handler
                0x0000000008008adc        0x6 ./Core/Src/stm32u5xx_it.o
                0x0000000008008adc                UsageFault_Handler
 .text.DebugMon_Handler
                0x0000000008008ae2        0x2 ./Core/Src/stm32u5xx_it.o
                0x0000000008008ae2                DebugMon_Handler
 .text.RTC_IRQHandler
                0x0000000008008ae4        0xc ./Core/Src/stm32u5xx_it.o
                0x0000000008008ae4                RTC_IRQHandler
 .text.GPDMA1_Channel0_IRQHandler
                0x0000000008008af0       0x18 ./Core/Src/stm32u5xx_it.o
                0x0000000008008af0                GPDMA1_Channel0_IRQHandler
 .text.GPDMA1_Channel1_IRQHandler
                0x0000000008008b08        0xc ./Core/Src/stm32u5xx_it.o
                0x0000000008008b08                GPDMA1_Channel1_IRQHandler
 .text.GPDMA1_Channel2_IRQHandler
                0x0000000008008b14        0xc ./Core/Src/stm32u5xx_it.o
                0x0000000008008b14                GPDMA1_Channel2_IRQHandler
 .text.GPDMA1_Channel3_IRQHandler
                0x0000000008008b20        0xc ./Core/Src/stm32u5xx_it.o
                0x0000000008008b20                GPDMA1_Channel3_IRQHandler
 .text.TIM4_IRQHandler
                0x0000000008008b2c        0xc ./Core/Src/stm32u5xx_it.o
                0x0000000008008b2c                TIM4_IRQHandler
 .text.LPUART1_IRQHandler
                0x0000000008008b38        0xc ./Core/Src/stm32u5xx_it.o
                0x0000000008008b38                LPUART1_IRQHandler
 .text.TIM17_IRQHandler
                0x0000000008008b44        0xc ./Core/Src/stm32u5xx_it.o
                0x0000000008008b44                TIM17_IRQHandler
 .text.PWR_S3WU_IRQHandler
                0x0000000008008b50        0x6 ./Core/Src/stm32u5xx_it.o
                0x0000000008008b50                PWR_S3WU_IRQHandler
 .text._getpid  0x0000000008008b56        0x4 ./Core/Src/syscalls.o
                0x0000000008008b56                _getpid
 .text._kill    0x0000000008008b5a       0x10 ./Core/Src/syscalls.o
                0x0000000008008b5a                _kill
 .text._exit    0x0000000008008b6a        0xc ./Core/Src/syscalls.o
                0x0000000008008b6a                _exit
 .text._read    0x0000000008008b76       0x1c ./Core/Src/syscalls.o
                0x0000000008008b76                _read
 .text._write   0x0000000008008b92       0x1c ./Core/Src/syscalls.o
                0x0000000008008b92                _write
 .text._close   0x0000000008008bae        0x6 ./Core/Src/syscalls.o
                0x0000000008008bae                _close
 .text._fstat   0x0000000008008bb4        0xa ./Core/Src/syscalls.o
                0x0000000008008bb4                _fstat
 .text._isatty  0x0000000008008bbe        0x4 ./Core/Src/syscalls.o
                0x0000000008008bbe                _isatty
 .text._lseek   0x0000000008008bc2        0x4 ./Core/Src/syscalls.o
                0x0000000008008bc2                _lseek
 *fill*         0x0000000008008bc6        0x2 
 .text._sbrk    0x0000000008008bc8       0x40 ./Core/Src/sysmem.o
                0x0000000008008bc8                _sbrk
 .text.SystemInit
                0x0000000008008c08       0x44 ./Core/Src/system_stm32u5xx.o
                0x0000000008008c08                SystemInit
 .text.Reset_Handler
                0x0000000008008c4c       0x50 ./Core/Startup/startup_stm32u575zitxq.o
                0x0000000008008c4c                Reset_Handler
 .text.Default_Handler
                0x0000000008008c9c        0x2 ./Core/Startup/startup_stm32u575zitxq.o
                0x0000000008008c9c                EXTI2_IRQHandler
                0x0000000008008c9c                TIM8_TRG_COM_IRQHandler
                0x0000000008008c9c                TIM8_CC_IRQHandler
                0x0000000008008c9c                EXTI5_IRQHandler
                0x0000000008008c9c                FLASH_S_IRQHandler
                0x0000000008008c9c                EXTI13_IRQHandler
                0x0000000008008c9c                TIM1_CC_IRQHandler
                0x0000000008008c9c                TSC_IRQHandler
                0x0000000008008c9c                TAMP_IRQHandler
                0x0000000008008c9c                TIM6_IRQHandler
                0x0000000008008c9c                EXTI12_IRQHandler
                0x0000000008008c9c                CORDIC_IRQHandler
                0x0000000008008c9c                EXTI3_IRQHandler
                0x0000000008008c9c                LPTIM4_IRQHandler
                0x0000000008008c9c                GPDMA1_Channel5_IRQHandler
                0x0000000008008c9c                EXTI8_IRQHandler
                0x0000000008008c9c                LPTIM2_IRQHandler
                0x0000000008008c9c                I2C3_ER_IRQHandler
                0x0000000008008c9c                MDF1_FLT2_IRQHandler
                0x0000000008008c9c                LPDMA1_Channel3_IRQHandler
                0x0000000008008c9c                LPTIM3_IRQHandler
                0x0000000008008c9c                EXTI0_IRQHandler
                0x0000000008008c9c                I2C2_EV_IRQHandler
                0x0000000008008c9c                FPU_IRQHandler
                0x0000000008008c9c                GPDMA1_Channel7_IRQHandler
                0x0000000008008c9c                MDF1_FLT4_IRQHandler
                0x0000000008008c9c                FDCAN1_IT1_IRQHandler
                0x0000000008008c9c                RAMCFG_IRQHandler
                0x0000000008008c9c                GPDMA1_Channel9_IRQHandler
                0x0000000008008c9c                DCACHE1_IRQHandler
                0x0000000008008c9c                SPI1_IRQHandler
                0x0000000008008c9c                OCTOSPI1_IRQHandler
                0x0000000008008c9c                TIM8_UP_IRQHandler
                0x0000000008008c9c                RCC_S_IRQHandler
                0x0000000008008c9c                OCTOSPI2_IRQHandler
                0x0000000008008c9c                SAI2_IRQHandler
                0x0000000008008c9c                MDF1_FLT1_IRQHandler
                0x0000000008008c9c                ADC1_IRQHandler
                0x0000000008008c9c                MDF1_FLT5_IRQHandler
                0x0000000008008c9c                EXTI15_IRQHandler
                0x0000000008008c9c                USART3_IRQHandler
                0x0000000008008c9c                EXTI9_IRQHandler
                0x0000000008008c9c                UART5_IRQHandler
                0x0000000008008c9c                I2C1_EV_IRQHandler
                0x0000000008008c9c                GPDMA1_Channel12_IRQHandler
                0x0000000008008c9c                TIM16_IRQHandler
                0x0000000008008c9c                GPDMA1_Channel15_IRQHandler
                0x0000000008008c9c                UART4_IRQHandler
                0x0000000008008c9c                SecureFault_Handler
                0x0000000008008c9c                TIM3_IRQHandler
                0x0000000008008c9c                RCC_IRQHandler
                0x0000000008008c9c                TIM1_TRG_COM_IRQHandler
                0x0000000008008c9c                Default_Handler
                0x0000000008008c9c                GPDMA1_Channel8_IRQHandler
                0x0000000008008c9c                FMAC_IRQHandler
                0x0000000008008c9c                GPDMA1_Channel11_IRQHandler
                0x0000000008008c9c                TIM7_IRQHandler
                0x0000000008008c9c                SDMMC1_IRQHandler
                0x0000000008008c9c                TIM5_IRQHandler
                0x0000000008008c9c                UCPD1_IRQHandler
                0x0000000008008c9c                TIM15_IRQHandler
                0x0000000008008c9c                I2C3_EV_IRQHandler
                0x0000000008008c9c                LPDMA1_Channel0_IRQHandler
                0x0000000008008c9c                PVD_PVM_IRQHandler
                0x0000000008008c9c                SPI2_IRQHandler
                0x0000000008008c9c                LPDMA1_Channel1_IRQHandler
                0x0000000008008c9c                EXTI14_IRQHandler
                0x0000000008008c9c                EXTI11_IRQHandler
                0x0000000008008c9c                SVC_Handler
                0x0000000008008c9c                CRS_IRQHandler
                0x0000000008008c9c                GPDMA1_Channel14_IRQHandler
                0x0000000008008c9c                EXTI4_IRQHandler
                0x0000000008008c9c                RTC_S_IRQHandler
                0x0000000008008c9c                GPDMA1_Channel13_IRQHandler
                0x0000000008008c9c                RNG_IRQHandler
                0x0000000008008c9c                COMP_IRQHandler
                0x0000000008008c9c                TIM1_UP_IRQHandler
                0x0000000008008c9c                ADC4_IRQHandler
                0x0000000008008c9c                WWDG_IRQHandler
                0x0000000008008c9c                I2C4_EV_IRQHandler
                0x0000000008008c9c                ADF1_IRQHandler
                0x0000000008008c9c                IWDG_IRQHandler
                0x0000000008008c9c                MDF1_FLT0_IRQHandler
                0x0000000008008c9c                FDCAN1_IT0_IRQHandler
                0x0000000008008c9c                TIM2_IRQHandler
                0x0000000008008c9c                GPDMA1_Channel4_IRQHandler
                0x0000000008008c9c                EXTI7_IRQHandler
                0x0000000008008c9c                DMA2D_IRQHandler
                0x0000000008008c9c                TIM1_BRK_IRQHandler
                0x0000000008008c9c                EXTI1_IRQHandler
                0x0000000008008c9c                SDMMC2_IRQHandler
                0x0000000008008c9c                DAC1_IRQHandler
                0x0000000008008c9c                GTZC_IRQHandler
                0x0000000008008c9c                MDF1_FLT3_IRQHandler
                0x0000000008008c9c                USART2_IRQHandler
                0x0000000008008c9c                GPDMA1_Channel6_IRQHandler
                0x0000000008008c9c                I2C2_ER_IRQHandler
                0x0000000008008c9c                TIM8_BRK_IRQHandler
                0x0000000008008c9c                FLASH_IRQHandler
                0x0000000008008c9c                USART1_IRQHandler
                0x0000000008008c9c                EXTI10_IRQHandler
                0x0000000008008c9c                OTG_FS_IRQHandler
                0x0000000008008c9c                SPI3_IRQHandler
                0x0000000008008c9c                LPDMA1_Channel2_IRQHandler
                0x0000000008008c9c                I2C1_ER_IRQHandler
                0x0000000008008c9c                FMC_IRQHandler
                0x0000000008008c9c                EXTI6_IRQHandler
                0x0000000008008c9c                LPTIM1_IRQHandler
                0x0000000008008c9c                DCMI_PSSI_IRQHandler
                0x0000000008008c9c                I2C4_ER_IRQHandler
                0x0000000008008c9c                GPDMA1_Channel10_IRQHandler
                0x0000000008008c9c                ICACHE_IRQHandler
                0x0000000008008c9c                SAI1_IRQHandler
                0x0000000008008c9c                HASH_IRQHandler
 *fill*         0x0000000008008c9e        0x2 
 .text.HAL_Init
                0x0000000008008ca0       0x50 ./Drivers/STM32U5xx_HAL_Driver/Src/stm32u5xx_hal.o
                0x0000000008008ca0                HAL_Init
 .text.HAL_IncTick
                0x0000000008008cf0       0x18 ./Drivers/STM32U5xx_HAL_Driver/Src/stm32u5xx_hal.o
                0x0000000008008cf0                HAL_IncTick
 .text.HAL_GetTick
                0x0000000008008d08        0xc ./Drivers/STM32U5xx_HAL_Driver/Src/stm32u5xx_hal.o
                0x0000000008008d08                HAL_GetTick
 .text.HAL_GetREVID
                0x0000000008008d14        0xc ./Drivers/STM32U5xx_HAL_Driver/Src/stm32u5xx_hal.o
                0x0000000008008d14                HAL_GetREVID
 .text.HAL_SYSCFG_VREFBUF_VoltageScalingConfig
                0x0000000008008d20       0x14 ./Drivers/STM32U5xx_HAL_Driver/Src/stm32u5xx_hal.o
                0x0000000008008d20                HAL_SYSCFG_VREFBUF_VoltageScalingConfig
 .text.HAL_SYSCFG_VREFBUF_HighImpedanceConfig
                0x0000000008008d34       0x14 ./Drivers/STM32U5xx_HAL_Driver/Src/stm32u5xx_hal.o
                0x0000000008008d34                HAL_SYSCFG_VREFBUF_HighImpedanceConfig
 .text.HAL_SYSCFG_EnableVREFBUF
                0x0000000008008d48       0x30 ./Drivers/STM32U5xx_HAL_Driver/Src/stm32u5xx_hal.o
                0x0000000008008d48                HAL_SYSCFG_EnableVREFBUF
 .text.LL_ADC_REG_IsConversionOngoing
                0x0000000008008d78        0x8 ./Drivers/STM32U5xx_HAL_Driver/Src/stm32u5xx_hal_adc.o
 .text.LL_ADC_REG_SetSequencerRanks
                0x0000000008008d80       0x58 ./Drivers/STM32U5xx_HAL_Driver/Src/stm32u5xx_hal_adc.o
 .text.LL_ADC_SetChannelSamplingTime
                0x0000000008008dd8       0x70 ./Drivers/STM32U5xx_HAL_Driver/Src/stm32u5xx_hal_adc.o
 .text.HAL_ADC_Init
                0x0000000008008e48      0x390 ./Drivers/STM32U5xx_HAL_Driver/Src/stm32u5xx_hal_adc.o
                0x0000000008008e48                HAL_ADC_Init
 .text.HAL_ADC_ConfigChannel
                0x00000000080091d8      0x5e0 ./Drivers/STM32U5xx_HAL_Driver/Src/stm32u5xx_hal_adc.o
                0x00000000080091d8                HAL_ADC_ConfigChannel
 .text.HAL_NVIC_SetPriorityGrouping
                0x00000000080097b8       0x24 ./Drivers/STM32U5xx_HAL_Driver/Src/stm32u5xx_hal_cortex.o
                0x00000000080097b8                HAL_NVIC_SetPriorityGrouping
 .text.HAL_NVIC_SetPriority
                0x00000000080097dc       0x60 ./Drivers/STM32U5xx_HAL_Driver/Src/stm32u5xx_hal_cortex.o
                0x00000000080097dc                HAL_NVIC_SetPriority
 .text.HAL_NVIC_EnableIRQ
                0x000000000800983c       0x1c ./Drivers/STM32U5xx_HAL_Driver/Src/stm32u5xx_hal_cortex.o
                0x000000000800983c                HAL_NVIC_EnableIRQ
 .text.HAL_NVIC_DisableIRQ
                0x0000000008009858       0x28 ./Drivers/STM32U5xx_HAL_Driver/Src/stm32u5xx_hal_cortex.o
                0x0000000008009858                HAL_NVIC_DisableIRQ
 .text.HAL_NVIC_SystemReset
                0x0000000008009880       0x24 ./Drivers/STM32U5xx_HAL_Driver/Src/stm32u5xx_hal_cortex.o
                0x0000000008009880                HAL_NVIC_SystemReset
 .text.HAL_DMA_Init
                0x00000000080098a4      0x36c ./Drivers/STM32U5xx_HAL_Driver/Src/stm32u5xx_hal_dma.o
                0x00000000080098a4                HAL_DMA_Init
 .text.HAL_DMA_DeInit
                0x0000000008009c10       0xe4 ./Drivers/STM32U5xx_HAL_Driver/Src/stm32u5xx_hal_dma.o
                0x0000000008009c10                HAL_DMA_DeInit
 .text.HAL_DMA_Start_IT
                0x0000000008009cf4       0x7c ./Drivers/STM32U5xx_HAL_Driver/Src/stm32u5xx_hal_dma.o
                0x0000000008009cf4                HAL_DMA_Start_IT
 .text.HAL_DMA_Abort
                0x0000000008009d70       0x94 ./Drivers/STM32U5xx_HAL_Driver/Src/stm32u5xx_hal_dma.o
                0x0000000008009d70                HAL_DMA_Abort
 .text.HAL_DMA_Abort_IT
                0x0000000008009e04       0x2a ./Drivers/STM32U5xx_HAL_Driver/Src/stm32u5xx_hal_dma.o
                0x0000000008009e04                HAL_DMA_Abort_IT
 .text.HAL_DMA_IRQHandler
                0x0000000008009e2e      0x18a ./Drivers/STM32U5xx_HAL_Driver/Src/stm32u5xx_hal_dma.o
                0x0000000008009e2e                HAL_DMA_IRQHandler
 .text.HAL_DMA_GetError
                0x0000000008009fb8        0x4 ./Drivers/STM32U5xx_HAL_Driver/Src/stm32u5xx_hal_dma.o
                0x0000000008009fb8                HAL_DMA_GetError
 .text.HAL_DMA_ConfigChannelAttributes
                0x0000000008009fbc       0x3e ./Drivers/STM32U5xx_HAL_Driver/Src/stm32u5xx_hal_dma.o
                0x0000000008009fbc                HAL_DMA_ConfigChannelAttributes
 *fill*         0x0000000008009ffa        0x2 
 .text.DMA_List_CheckNodesBaseAddresses
                0x0000000008009ffc       0x2c ./Drivers/STM32U5xx_HAL_Driver/Src/stm32u5xx_hal_dma_ex.o
 .text.DMA_List_CheckNodesTypes
                0x000000000800a028       0x34 ./Drivers/STM32U5xx_HAL_Driver/Src/stm32u5xx_hal_dma_ex.o
 .text.DMA_List_FindNode
                0x000000000800a05c       0xb0 ./Drivers/STM32U5xx_HAL_Driver/Src/stm32u5xx_hal_dma_ex.o
 .text.DMA_List_GetCLLRNodeInfo.isra.0
                0x000000000800a10c       0x28 ./Drivers/STM32U5xx_HAL_Driver/Src/stm32u5xx_hal_dma_ex.o
 .text.HAL_DMAEx_List_Init
                0x000000000800a134      0x1f0 ./Drivers/STM32U5xx_HAL_Driver/Src/stm32u5xx_hal_dma_ex.o
                0x000000000800a134                HAL_DMAEx_List_Init
 .text.HAL_DMAEx_List_Start_IT
                0x000000000800a324       0xac ./Drivers/STM32U5xx_HAL_Driver/Src/stm32u5xx_hal_dma_ex.o
                0x000000000800a324                HAL_DMAEx_List_Start_IT
 .text.HAL_DMAEx_List_BuildNode
                0x000000000800a3d0      0x138 ./Drivers/STM32U5xx_HAL_Driver/Src/stm32u5xx_hal_dma_ex.o
                0x000000000800a3d0                HAL_DMAEx_List_BuildNode
 .text.HAL_DMAEx_List_InsertNode_Tail
                0x000000000800a508       0x92 ./Drivers/STM32U5xx_HAL_Driver/Src/stm32u5xx_hal_dma_ex.o
                0x000000000800a508                HAL_DMAEx_List_InsertNode_Tail
 .text.HAL_DMAEx_List_SetCircularMode
                0x000000000800a59a       0x6c ./Drivers/STM32U5xx_HAL_Driver/Src/stm32u5xx_hal_dma_ex.o
                0x000000000800a59a                HAL_DMAEx_List_SetCircularMode
 *fill*         0x000000000800a606        0x2 
 .text.HAL_DMAEx_List_LinkQ
                0x000000000800a608       0xa0 ./Drivers/STM32U5xx_HAL_Driver/Src/stm32u5xx_hal_dma_ex.o
                0x000000000800a608                HAL_DMAEx_List_LinkQ
 .text.HAL_FLASH_Unlock
                0x000000000800a6a8       0x24 ./Drivers/STM32U5xx_HAL_Driver/Src/stm32u5xx_hal_flash.o
                0x000000000800a6a8                HAL_FLASH_Unlock
 .text.HAL_FLASH_Lock
                0x000000000800a6cc       0x18 ./Drivers/STM32U5xx_HAL_Driver/Src/stm32u5xx_hal_flash.o
                0x000000000800a6cc                HAL_FLASH_Lock
 .text.HAL_GPIO_Init
                0x000000000800a6e4      0x1fc ./Drivers/STM32U5xx_HAL_Driver/Src/stm32u5xx_hal_gpio.o
                0x000000000800a6e4                HAL_GPIO_Init
 .text.HAL_GPIO_DeInit
                0x000000000800a8e0      0x108 ./Drivers/STM32U5xx_HAL_Driver/Src/stm32u5xx_hal_gpio.o
                0x000000000800a8e0                HAL_GPIO_DeInit
 .text.HAL_GPIO_WritePin
                0x000000000800a9e8        0xa ./Drivers/STM32U5xx_HAL_Driver/Src/stm32u5xx_hal_gpio.o
                0x000000000800a9e8                HAL_GPIO_WritePin
 *fill*         0x000000000800a9f2        0x2 
 .text.HAL_ICACHE_ConfigAssociativityMode
                0x000000000800a9f4       0x20 ./Drivers/STM32U5xx_HAL_Driver/Src/stm32u5xx_hal_icache.o
                0x000000000800a9f4                HAL_ICACHE_ConfigAssociativityMode
 .text.HAL_ICACHE_Enable
                0x000000000800aa14       0x14 ./Drivers/STM32U5xx_HAL_Driver/Src/stm32u5xx_hal_icache.o
                0x000000000800aa14                HAL_ICACHE_Enable
 .text.HAL_ICACHE_Disable
                0x000000000800aa28       0x3c ./Drivers/STM32U5xx_HAL_Driver/Src/stm32u5xx_hal_icache.o
                0x000000000800aa28                HAL_ICACHE_Disable
 .text.HAL_PWR_EnableBkUpAccess
                0x000000000800aa64       0x10 ./Drivers/STM32U5xx_HAL_Driver/Src/stm32u5xx_hal_pwr.o
                0x000000000800aa64                HAL_PWR_EnableBkUpAccess
 .text.HAL_PWR_EnableWakeUpPin
                0x000000000800aa74       0x3c ./Drivers/STM32U5xx_HAL_Driver/Src/stm32u5xx_hal_pwr.o
                0x000000000800aa74                HAL_PWR_EnableWakeUpPin
 .text.HAL_PWR_DisableWakeUpPin
                0x000000000800aab0       0x14 ./Drivers/STM32U5xx_HAL_Driver/Src/stm32u5xx_hal_pwr.o
                0x000000000800aab0                HAL_PWR_DisableWakeUpPin
 .text.HAL_PWREx_ControlVoltageScaling
                0x000000000800aac4       0x74 ./Drivers/STM32U5xx_HAL_Driver/Src/stm32u5xx_hal_pwr_ex.o
                0x000000000800aac4                HAL_PWREx_ControlVoltageScaling
 .text.HAL_PWREx_GetVoltageRange
                0x000000000800ab38       0x10 ./Drivers/STM32U5xx_HAL_Driver/Src/stm32u5xx_hal_pwr_ex.o
                0x000000000800ab38                HAL_PWREx_GetVoltageRange
 .text.HAL_PWREx_ConfigSupply
                0x000000000800ab48       0x58 ./Drivers/STM32U5xx_HAL_Driver/Src/stm32u5xx_hal_pwr_ex.o
                0x000000000800ab48                HAL_PWREx_ConfigSupply
 .text.HAL_PWREx_EnterSTOP2Mode
                0x000000000800aba0       0x38 ./Drivers/STM32U5xx_HAL_Driver/Src/stm32u5xx_hal_pwr_ex.o
                0x000000000800aba0                HAL_PWREx_EnterSTOP2Mode
 .text.HAL_PWREx_S3WUCallback
                0x000000000800abd8        0x2 ./Drivers/STM32U5xx_HAL_Driver/Src/stm32u5xx_hal_pwr_ex.o
                0x000000000800abd8                HAL_PWREx_S3WUCallback
 *fill*         0x000000000800abda        0x2 
 .text.HAL_PWREx_S3WU_IRQHandler
                0x000000000800abdc       0xd8 ./Drivers/STM32U5xx_HAL_Driver/Src/stm32u5xx_hal_pwr_ex.o
                0x000000000800abdc                HAL_PWREx_S3WU_IRQHandler
 .text.HAL_PWREx_EnableVddIO2
                0x000000000800acb4       0x10 ./Drivers/STM32U5xx_HAL_Driver/Src/stm32u5xx_hal_pwr_ex.o
                0x000000000800acb4                HAL_PWREx_EnableVddIO2
 .text.HAL_PWREx_DisableUCPDDeadBattery
                0x000000000800acc4       0x10 ./Drivers/STM32U5xx_HAL_Driver/Src/stm32u5xx_hal_pwr_ex.o
                0x000000000800acc4                HAL_PWREx_DisableUCPDDeadBattery
 .text.HAL_PWREx_EnableRAMsContentStopRetention
                0x000000000800acd4       0xbc ./Drivers/STM32U5xx_HAL_Driver/Src/stm32u5xx_hal_pwr_ex.o
                0x000000000800acd4                HAL_PWREx_EnableRAMsContentStopRetention
 .text.HAL_PWREx_DisableRAMsContentStopRetention
                0x000000000800ad90       0xbc ./Drivers/STM32U5xx_HAL_Driver/Src/stm32u5xx_hal_pwr_ex.o
                0x000000000800ad90                HAL_PWREx_DisableRAMsContentStopRetention
 .text.RCC_SetFlashLatencyFromMSIRange
                0x000000000800ae4c       0xb8 ./Drivers/STM32U5xx_HAL_Driver/Src/stm32u5xx_hal_rcc.o
 .text.HAL_RCC_GetSysClockFreq
                0x000000000800af04      0x10c ./Drivers/STM32U5xx_HAL_Driver/Src/stm32u5xx_hal_rcc.o
                0x000000000800af04                HAL_RCC_GetSysClockFreq
 .text.HAL_RCC_ClockConfig
                0x000000000800b010      0x29c ./Drivers/STM32U5xx_HAL_Driver/Src/stm32u5xx_hal_rcc.o
                0x000000000800b010                HAL_RCC_ClockConfig
 .text.HAL_RCC_GetHCLKFreq
                0x000000000800b2ac       0x28 ./Drivers/STM32U5xx_HAL_Driver/Src/stm32u5xx_hal_rcc.o
                0x000000000800b2ac                HAL_RCC_GetHCLKFreq
 .text.HAL_RCC_OscConfig
                0x000000000800b2d4      0x8c8 ./Drivers/STM32U5xx_HAL_Driver/Src/stm32u5xx_hal_rcc.o
                0x000000000800b2d4                HAL_RCC_OscConfig
 .text.HAL_RCC_GetPCLK1Freq
                0x000000000800bb9c       0x20 ./Drivers/STM32U5xx_HAL_Driver/Src/stm32u5xx_hal_rcc.o
                0x000000000800bb9c                HAL_RCC_GetPCLK1Freq
 .text.HAL_RCC_GetPCLK2Freq
                0x000000000800bbbc       0x20 ./Drivers/STM32U5xx_HAL_Driver/Src/stm32u5xx_hal_rcc.o
                0x000000000800bbbc                HAL_RCC_GetPCLK2Freq
 .text.HAL_RCC_GetPCLK3Freq
                0x000000000800bbdc       0x20 ./Drivers/STM32U5xx_HAL_Driver/Src/stm32u5xx_hal_rcc.o
                0x000000000800bbdc                HAL_RCC_GetPCLK3Freq
 .text.HAL_RCC_GetClockConfig
                0x000000000800bbfc       0x44 ./Drivers/STM32U5xx_HAL_Driver/Src/stm32u5xx_hal_rcc.o
                0x000000000800bbfc                HAL_RCC_GetClockConfig
 .text.HAL_RCC_GetResetSource
                0x000000000800bc40       0x1c ./Drivers/STM32U5xx_HAL_Driver/Src/stm32u5xx_hal_rcc.o
                0x000000000800bc40                HAL_RCC_GetResetSource
 .text.RCCEx_PLL3_Config
                0x000000000800bc5c       0xd8 ./Drivers/STM32U5xx_HAL_Driver/Src/stm32u5xx_hal_rcc_ex.o
 .text.RCCEx_PLL2_Config
                0x000000000800bd34       0xd8 ./Drivers/STM32U5xx_HAL_Driver/Src/stm32u5xx_hal_rcc_ex.o
 .text.HAL_RCCEx_PeriphCLKConfig
                0x000000000800be0c      0x5d4 ./Drivers/STM32U5xx_HAL_Driver/Src/stm32u5xx_hal_rcc_ex.o
                0x000000000800be0c                HAL_RCCEx_PeriphCLKConfig
 .text.HAL_RCCEx_GetPLL1ClockFreq
                0x000000000800c3e0      0x158 ./Drivers/STM32U5xx_HAL_Driver/Src/stm32u5xx_hal_rcc_ex.o
                0x000000000800c3e0                HAL_RCCEx_GetPLL1ClockFreq
 .text.HAL_RCCEx_GetPLL2ClockFreq
                0x000000000800c538      0x158 ./Drivers/STM32U5xx_HAL_Driver/Src/stm32u5xx_hal_rcc_ex.o
                0x000000000800c538                HAL_RCCEx_GetPLL2ClockFreq
 .text.HAL_RCCEx_GetPLL3ClockFreq
                0x000000000800c690      0x158 ./Drivers/STM32U5xx_HAL_Driver/Src/stm32u5xx_hal_rcc_ex.o
                0x000000000800c690                HAL_RCCEx_GetPLL3ClockFreq
 .text.HAL_RCCEx_GetPeriphCLKFreq
                0x000000000800c7e8      0xadc ./Drivers/STM32U5xx_HAL_Driver/Src/stm32u5xx_hal_rcc_ex.o
                0x000000000800c7e8                HAL_RCCEx_GetPeriphCLKFreq
 .text.HAL_RCCEx_EnableMSIPLLMode
                0x000000000800d2c4       0x10 ./Drivers/STM32U5xx_HAL_Driver/Src/stm32u5xx_hal_rcc_ex.o
                0x000000000800d2c4                HAL_RCCEx_EnableMSIPLLMode
 .text.HAL_RTC_AlarmIRQHandler
                0x000000000800d2d4       0x30 ./Drivers/STM32U5xx_HAL_Driver/Src/stm32u5xx_hal_rtc.o
                0x000000000800d2d4                HAL_RTC_AlarmIRQHandler
 .text.HAL_RTC_WaitForSynchro
                0x000000000800d304       0x30 ./Drivers/STM32U5xx_HAL_Driver/Src/stm32u5xx_hal_rtc.o
                0x000000000800d304                HAL_RTC_WaitForSynchro
 .text.RTC_EnterInitMode
                0x000000000800d334       0x50 ./Drivers/STM32U5xx_HAL_Driver/Src/stm32u5xx_hal_rtc.o
                0x000000000800d334                RTC_EnterInitMode
 .text.RTC_ExitInitMode
                0x000000000800d384       0x48 ./Drivers/STM32U5xx_HAL_Driver/Src/stm32u5xx_hal_rtc.o
                0x000000000800d384                RTC_ExitInitMode
 .text.HAL_RTC_Init
                0x000000000800d3cc       0xa0 ./Drivers/STM32U5xx_HAL_Driver/Src/stm32u5xx_hal_rtc.o
                0x000000000800d3cc                HAL_RTC_Init
 .text.RTC_ByteToBcd2
                0x000000000800d46c       0x16 ./Drivers/STM32U5xx_HAL_Driver/Src/stm32u5xx_hal_rtc.o
                0x000000000800d46c                RTC_ByteToBcd2
 *fill*         0x000000000800d482        0x2 
 .text.HAL_RTC_SetTime
                0x000000000800d484       0xd8 ./Drivers/STM32U5xx_HAL_Driver/Src/stm32u5xx_hal_rtc.o
                0x000000000800d484                HAL_RTC_SetTime
 .text.HAL_RTC_SetDate
                0x000000000800d55c       0xa4 ./Drivers/STM32U5xx_HAL_Driver/Src/stm32u5xx_hal_rtc.o
                0x000000000800d55c                HAL_RTC_SetDate
 .text.HAL_RTC_SetAlarm_IT
                0x000000000800d600      0x150 ./Drivers/STM32U5xx_HAL_Driver/Src/stm32u5xx_hal_rtc.o
                0x000000000800d600                HAL_RTC_SetAlarm_IT
 .text.RTC_Bcd2ToByte
                0x000000000800d750       0x12 ./Drivers/STM32U5xx_HAL_Driver/Src/stm32u5xx_hal_rtc.o
                0x000000000800d750                RTC_Bcd2ToByte
 *fill*         0x000000000800d762        0x2 
 .text.HAL_RTC_GetTime
                0x000000000800d764       0x58 ./Drivers/STM32U5xx_HAL_Driver/Src/stm32u5xx_hal_rtc.o
                0x000000000800d764                HAL_RTC_GetTime
 .text.HAL_RTC_GetDate
                0x000000000800d7bc       0x40 ./Drivers/STM32U5xx_HAL_Driver/Src/stm32u5xx_hal_rtc.o
                0x000000000800d7bc                HAL_RTC_GetDate
 .text.HAL_RTCEx_SetLowPowerCalib
                0x000000000800d7fc       0x3c ./Drivers/STM32U5xx_HAL_Driver/Src/stm32u5xx_hal_rtc_ex.o
                0x000000000800d7fc                HAL_RTCEx_SetLowPowerCalib
 .text.HAL_RTCEx_SetSSRU_IT
                0x000000000800d838       0x3c ./Drivers/STM32U5xx_HAL_Driver/Src/stm32u5xx_hal_rtc_ex.o
                0x000000000800d838                HAL_RTCEx_SetSSRU_IT
 .text.HAL_RTCEx_AlarmBEventCallback
                0x000000000800d874        0x2 ./Drivers/STM32U5xx_HAL_Driver/Src/stm32u5xx_hal_rtc_ex.o
                0x000000000800d874                HAL_RTCEx_AlarmBEventCallback
 *fill*         0x000000000800d876        0x2 
 .text.HAL_RTCEx_PrivilegeModeSet
                0x000000000800d878       0x38 ./Drivers/STM32U5xx_HAL_Driver/Src/stm32u5xx_hal_rtc_ex.o
                0x000000000800d878                HAL_RTCEx_PrivilegeModeSet
 .text.HAL_TIM_PeriodElapsedHalfCpltCallback
                0x000000000800d8b0        0x2 ./Drivers/STM32U5xx_HAL_Driver/Src/stm32u5xx_hal_tim.o
                0x000000000800d8b0                HAL_TIM_PeriodElapsedHalfCpltCallback
 .text.HAL_TIM_OC_DelayElapsedCallback
                0x000000000800d8b2        0x2 ./Drivers/STM32U5xx_HAL_Driver/Src/stm32u5xx_hal_tim.o
                0x000000000800d8b2                HAL_TIM_OC_DelayElapsedCallback
 .text.HAL_TIM_IC_CaptureCallback
                0x000000000800d8b4        0x2 ./Drivers/STM32U5xx_HAL_Driver/Src/stm32u5xx_hal_tim.o
                0x000000000800d8b4                HAL_TIM_IC_CaptureCallback
 .text.HAL_TIM_IC_CaptureHalfCpltCallback
                0x000000000800d8b6        0x2 ./Drivers/STM32U5xx_HAL_Driver/Src/stm32u5xx_hal_tim.o
                0x000000000800d8b6                HAL_TIM_IC_CaptureHalfCpltCallback
 .text.HAL_TIM_PWM_PulseFinishedCallback
                0x000000000800d8b8        0x2 ./Drivers/STM32U5xx_HAL_Driver/Src/stm32u5xx_hal_tim.o
                0x000000000800d8b8                HAL_TIM_PWM_PulseFinishedCallback
 .text.HAL_TIM_PWM_PulseFinishedHalfCpltCallback
                0x000000000800d8ba        0x2 ./Drivers/STM32U5xx_HAL_Driver/Src/stm32u5xx_hal_tim.o
                0x000000000800d8ba                HAL_TIM_PWM_PulseFinishedHalfCpltCallback
 .text.HAL_TIM_TriggerCallback
                0x000000000800d8bc        0x2 ./Drivers/STM32U5xx_HAL_Driver/Src/stm32u5xx_hal_tim.o
                0x000000000800d8bc                HAL_TIM_TriggerCallback
 .text.HAL_TIM_TriggerHalfCpltCallback
                0x000000000800d8be        0x2 ./Drivers/STM32U5xx_HAL_Driver/Src/stm32u5xx_hal_tim.o
                0x000000000800d8be                HAL_TIM_TriggerHalfCpltCallback
 .text.HAL_TIM_ErrorCallback
                0x000000000800d8c0        0x2 ./Drivers/STM32U5xx_HAL_Driver/Src/stm32u5xx_hal_tim.o
                0x000000000800d8c0                HAL_TIM_ErrorCallback
 *fill*         0x000000000800d8c2        0x2 
 .text.HAL_TIM_Base_DeInit
                0x000000000800d8c4       0x74 ./Drivers/STM32U5xx_HAL_Driver/Src/stm32u5xx_hal_tim.o
                0x000000000800d8c4                HAL_TIM_Base_DeInit
 .text.HAL_TIM_Base_Start_IT
                0x000000000800d938       0xb4 ./Drivers/STM32U5xx_HAL_Driver/Src/stm32u5xx_hal_tim.o
                0x000000000800d938                HAL_TIM_Base_Start_IT
 .text.HAL_TIM_Base_Stop_IT
                0x000000000800d9ec       0x30 ./Drivers/STM32U5xx_HAL_Driver/Src/stm32u5xx_hal_tim.o
                0x000000000800d9ec                HAL_TIM_Base_Stop_IT
 .text.HAL_TIM_IRQHandler
                0x000000000800da1c      0x1f0 ./Drivers/STM32U5xx_HAL_Driver/Src/stm32u5xx_hal_tim.o
                0x000000000800da1c                HAL_TIM_IRQHandler
 .text.TIM_Base_SetConfig
                0x000000000800dc0c      0x164 ./Drivers/STM32U5xx_HAL_Driver/Src/stm32u5xx_hal_tim.o
                0x000000000800dc0c                TIM_Base_SetConfig
 .text.TIM_ResetCallback
                0x000000000800dd70       0xb8 ./Drivers/STM32U5xx_HAL_Driver/Src/stm32u5xx_hal_tim.o
                0x000000000800dd70                TIM_ResetCallback
 .text.HAL_TIM_Base_Init
                0x000000000800de28       0x74 ./Drivers/STM32U5xx_HAL_Driver/Src/stm32u5xx_hal_tim.o
                0x000000000800de28                HAL_TIM_Base_Init
 .text.HAL_TIMEx_CommutCallback
                0x000000000800de9c        0x2 ./Drivers/STM32U5xx_HAL_Driver/Src/stm32u5xx_hal_tim_ex.o
                0x000000000800de9c                HAL_TIMEx_CommutCallback
 .text.HAL_TIMEx_CommutHalfCpltCallback
                0x000000000800de9e        0x2 ./Drivers/STM32U5xx_HAL_Driver/Src/stm32u5xx_hal_tim_ex.o
                0x000000000800de9e                HAL_TIMEx_CommutHalfCpltCallback
 .text.HAL_TIMEx_BreakCallback
                0x000000000800dea0        0x2 ./Drivers/STM32U5xx_HAL_Driver/Src/stm32u5xx_hal_tim_ex.o
                0x000000000800dea0                HAL_TIMEx_BreakCallback
 .text.HAL_TIMEx_Break2Callback
                0x000000000800dea2        0x2 ./Drivers/STM32U5xx_HAL_Driver/Src/stm32u5xx_hal_tim_ex.o
                0x000000000800dea2                HAL_TIMEx_Break2Callback
 .text.HAL_TIMEx_EncoderIndexCallback
                0x000000000800dea4        0x2 ./Drivers/STM32U5xx_HAL_Driver/Src/stm32u5xx_hal_tim_ex.o
                0x000000000800dea4                HAL_TIMEx_EncoderIndexCallback
 .text.HAL_TIMEx_DirectionChangeCallback
                0x000000000800dea6        0x2 ./Drivers/STM32U5xx_HAL_Driver/Src/stm32u5xx_hal_tim_ex.o
                0x000000000800dea6                HAL_TIMEx_DirectionChangeCallback
 .text.HAL_TIMEx_IndexErrorCallback
                0x000000000800dea8        0x2 ./Drivers/STM32U5xx_HAL_Driver/Src/stm32u5xx_hal_tim_ex.o
                0x000000000800dea8                HAL_TIMEx_IndexErrorCallback
 .text.HAL_TIMEx_TransitionErrorCallback
                0x000000000800deaa        0x2 ./Drivers/STM32U5xx_HAL_Driver/Src/stm32u5xx_hal_tim_ex.o
                0x000000000800deaa                HAL_TIMEx_TransitionErrorCallback
 .text.HAL_UARTEx_RxEventCallback
                0x000000000800deac        0x2 ./Drivers/STM32U5xx_HAL_Driver/Src/stm32u5xx_hal_uart.o
                0x000000000800deac                HAL_UARTEx_RxEventCallback
 .text.UART_EndTxTransfer
                0x000000000800deae       0x34 ./Drivers/STM32U5xx_HAL_Driver/Src/stm32u5xx_hal_uart.o
 *fill*         0x000000000800dee2        0x2 
 .text.UART_EndRxTransfer
                0x000000000800dee4       0x58 ./Drivers/STM32U5xx_HAL_Driver/Src/stm32u5xx_hal_uart.o
 .text.UART_DMAReceiveCplt
                0x000000000800df3c       0x6e ./Drivers/STM32U5xx_HAL_Driver/Src/stm32u5xx_hal_uart.o
 .text.UART_DMARxHalfCplt
                0x000000000800dfaa       0x1a ./Drivers/STM32U5xx_HAL_Driver/Src/stm32u5xx_hal_uart.o
 .text.UART_DMAError
                0x000000000800dfc4       0x4e ./Drivers/STM32U5xx_HAL_Driver/Src/stm32u5xx_hal_uart.o
 .text.UART_DMAAbortOnError
                0x000000000800e012       0x12 ./Drivers/STM32U5xx_HAL_Driver/Src/stm32u5xx_hal_uart.o
 .text.HAL_UART_AbortReceiveCpltCallback
                0x000000000800e024        0x2 ./Drivers/STM32U5xx_HAL_Driver/Src/stm32u5xx_hal_uart.o
                0x000000000800e024                HAL_UART_AbortReceiveCpltCallback
 .text.HAL_UART_TxCpltCallback
                0x000000000800e026        0x2 ./Drivers/STM32U5xx_HAL_Driver/Src/stm32u5xx_hal_uart.o
                0x000000000800e026                HAL_UART_TxCpltCallback
 .text.HAL_UART_TxHalfCpltCallback
                0x000000000800e028        0x2 ./Drivers/STM32U5xx_HAL_Driver/Src/stm32u5xx_hal_uart.o
                0x000000000800e028                HAL_UART_TxHalfCpltCallback
 .text.HAL_UART_RxHalfCpltCallback
                0x000000000800e02a        0x2 ./Drivers/STM32U5xx_HAL_Driver/Src/stm32u5xx_hal_uart.o
                0x000000000800e02a                HAL_UART_RxHalfCpltCallback
 .text.HAL_UART_ErrorCallback
                0x000000000800e02c        0x2 ./Drivers/STM32U5xx_HAL_Driver/Src/stm32u5xx_hal_uart.o
                0x000000000800e02c                HAL_UART_ErrorCallback
 .text.HAL_UART_AbortCpltCallback
                0x000000000800e02e        0x2 ./Drivers/STM32U5xx_HAL_Driver/Src/stm32u5xx_hal_uart.o
                0x000000000800e02e                HAL_UART_AbortCpltCallback
 .text.HAL_UART_AbortTransmitCpltCallback
                0x000000000800e030        0x2 ./Drivers/STM32U5xx_HAL_Driver/Src/stm32u5xx_hal_uart.o
                0x000000000800e030                HAL_UART_AbortTransmitCpltCallback
 *fill*         0x000000000800e032        0x2 
 .text.HAL_UART_DeInit
                0x000000000800e034       0x50 ./Drivers/STM32U5xx_HAL_Driver/Src/stm32u5xx_hal_uart.o
                0x000000000800e034                HAL_UART_DeInit
 .text.HAL_UART_DMAStop
                0x000000000800e084       0x96 ./Drivers/STM32U5xx_HAL_Driver/Src/stm32u5xx_hal_uart.o
                0x000000000800e084                HAL_UART_DMAStop
 *fill*         0x000000000800e11a        0x2 
 .text.HAL_UART_IRQHandler
                0x000000000800e11c      0x298 ./Drivers/STM32U5xx_HAL_Driver/Src/stm32u5xx_hal_uart.o
                0x000000000800e11c                HAL_UART_IRQHandler
 .text.UART_InitCallbacksToDefault
                0x000000000800e3b4       0x70 ./Drivers/STM32U5xx_HAL_Driver/Src/stm32u5xx_hal_uart.o
                0x000000000800e3b4                UART_InitCallbacksToDefault
 .text.UART_SetConfig
                0x000000000800e424      0x1a4 ./Drivers/STM32U5xx_HAL_Driver/Src/stm32u5xx_hal_uart.o
                0x000000000800e424                UART_SetConfig
 .text.UART_AdvFeatureConfig
                0x000000000800e5c8       0xaa ./Drivers/STM32U5xx_HAL_Driver/Src/stm32u5xx_hal_uart.o
                0x000000000800e5c8                UART_AdvFeatureConfig
 .text.UART_WaitOnFlagUntilTimeout
                0x000000000800e672       0xc4 ./Drivers/STM32U5xx_HAL_Driver/Src/stm32u5xx_hal_uart.o
                0x000000000800e672                UART_WaitOnFlagUntilTimeout
 .text.HAL_UART_Transmit
                0x000000000800e736       0xca ./Drivers/STM32U5xx_HAL_Driver/Src/stm32u5xx_hal_uart.o
                0x000000000800e736                HAL_UART_Transmit
 .text.HAL_UART_Receive
                0x000000000800e800      0x102 ./Drivers/STM32U5xx_HAL_Driver/Src/stm32u5xx_hal_uart.o
                0x000000000800e800                HAL_UART_Receive
 .text.UART_CheckIdleState
                0x000000000800e902       0x6a ./Drivers/STM32U5xx_HAL_Driver/Src/stm32u5xx_hal_uart.o
                0x000000000800e902                UART_CheckIdleState
 .text.HAL_UART_Init
                0x000000000800e96c       0x7c ./Drivers/STM32U5xx_HAL_Driver/Src/stm32u5xx_hal_uart.o
                0x000000000800e96c                HAL_UART_Init
 .text.UART_Start_Receive_DMA
                0x000000000800e9e8       0xdc ./Drivers/STM32U5xx_HAL_Driver/Src/stm32u5xx_hal_uart.o
                0x000000000800e9e8                UART_Start_Receive_DMA
 .text.HAL_UART_Receive_DMA
                0x000000000800eac4       0x5c ./Drivers/STM32U5xx_HAL_Driver/Src/stm32u5xx_hal_uart.o
                0x000000000800eac4                HAL_UART_Receive_DMA
 .text.UARTEx_SetNbDataToProcess
                0x000000000800eb20       0x44 ./Drivers/STM32U5xx_HAL_Driver/Src/stm32u5xx_hal_uart_ex.o
 .text.HAL_UARTEx_RxFifoFullCallback
                0x000000000800eb64        0x2 ./Drivers/STM32U5xx_HAL_Driver/Src/stm32u5xx_hal_uart_ex.o
                0x000000000800eb64                HAL_UARTEx_RxFifoFullCallback
 .text.HAL_UARTEx_TxFifoEmptyCallback
                0x000000000800eb66        0x2 ./Drivers/STM32U5xx_HAL_Driver/Src/stm32u5xx_hal_uart_ex.o
                0x000000000800eb66                HAL_UARTEx_TxFifoEmptyCallback
 .text.HAL_UARTEx_DisableFifoMode
                0x000000000800eb68       0x36 ./Drivers/STM32U5xx_HAL_Driver/Src/stm32u5xx_hal_uart_ex.o
                0x000000000800eb68                HAL_UARTEx_DisableFifoMode
 .text.HAL_UARTEx_SetTxFifoThreshold
                0x000000000800eb9e       0x48 ./Drivers/STM32U5xx_HAL_Driver/Src/stm32u5xx_hal_uart_ex.o
                0x000000000800eb9e                HAL_UARTEx_SetTxFifoThreshold
 .text.HAL_UARTEx_SetRxFifoThreshold
                0x000000000800ebe6       0x48 ./Drivers/STM32U5xx_HAL_Driver/Src/stm32u5xx_hal_uart_ex.o
                0x000000000800ebe6                HAL_UARTEx_SetRxFifoThreshold
 *fill*         0x000000000800ec2e        0x2 
 .text._tx_byte_allocate
                0x000000000800ec30       0xb4 ./Middlewares/ST/threadx/common/src/tx_byte_allocate.o
                0x000000000800ec30                _tx_byte_allocate
 .text._tx_byte_pool_cleanup
                0x000000000800ece4       0x78 ./Middlewares/ST/threadx/common/src/tx_byte_pool_cleanup.o
                0x000000000800ece4                _tx_byte_pool_cleanup
 .text._tx_byte_pool_create
                0x000000000800ed5c       0x80 ./Middlewares/ST/threadx/common/src/tx_byte_pool_create.o
                0x000000000800ed5c                _tx_byte_pool_create
 .text._tx_byte_pool_delete
                0x000000000800eddc       0x94 ./Middlewares/ST/threadx/common/src/tx_byte_pool_delete.o
                0x000000000800eddc                _tx_byte_pool_delete
 .text._tx_byte_pool_search
                0x000000000800ee70       0xd8 ./Middlewares/ST/threadx/common/src/tx_byte_pool_search.o
                0x000000000800ee70                _tx_byte_pool_search
 .text._tx_byte_release
                0x000000000800ef48      0x108 ./Middlewares/ST/threadx/common/src/tx_byte_release.o
                0x000000000800ef48                _tx_byte_release
 .text._tx_event_flags_cleanup
                0x000000000800f050       0x80 ./Middlewares/ST/threadx/common/src/tx_event_flags_cleanup.o
                0x000000000800f050                _tx_event_flags_cleanup
 .text._tx_event_flags_create
                0x000000000800f0d0       0x50 ./Middlewares/ST/threadx/common/src/tx_event_flags_create.o
                0x000000000800f0d0                _tx_event_flags_create
 .text._tx_event_flags_get
                0x000000000800f120       0xd0 ./Middlewares/ST/threadx/common/src/tx_event_flags_get.o
                0x000000000800f120                _tx_event_flags_get
 .text._tx_event_flags_set
                0x000000000800f1f0      0x1bc ./Middlewares/ST/threadx/common/src/tx_event_flags_set.o
                0x000000000800f1f0                _tx_event_flags_set
 .text._tx_initialize_high_level
                0x000000000800f3ac       0x70 ./Middlewares/ST/threadx/common/src/tx_initialize_high_level.o
                0x000000000800f3ac                _tx_initialize_high_level
 .text._tx_initialize_kernel_enter
                0x000000000800f41c       0x48 ./Middlewares/ST/threadx/common/src/tx_initialize_kernel_enter.o
                0x000000000800f41c                _tx_initialize_kernel_enter
 .text._tx_thread_create
                0x000000000800f464      0x120 ./Middlewares/ST/threadx/common/src/tx_thread_create.o
                0x000000000800f464                _tx_thread_create
 .text._tx_thread_initialize
                0x000000000800f584       0x64 ./Middlewares/ST/threadx/common/src/tx_thread_initialize.o
                0x000000000800f584                _tx_thread_initialize
 .text._tx_thread_reset
                0x000000000800f5e8       0x54 ./Middlewares/ST/threadx/common/src/tx_thread_reset.o
                0x000000000800f5e8                _tx_thread_reset
 .text._tx_thread_resume
                0x000000000800f63c       0x70 ./Middlewares/ST/threadx/common/src/tx_thread_resume.o
                0x000000000800f63c                _tx_thread_resume
 .text._tx_thread_shell_entry
                0x000000000800f6ac       0x54 ./Middlewares/ST/threadx/common/src/tx_thread_shell_entry.o
                0x000000000800f6ac                _tx_thread_shell_entry
 .text._tx_thread_sleep
                0x000000000800f700       0x6c ./Middlewares/ST/threadx/common/src/tx_thread_sleep.o
                0x000000000800f700                _tx_thread_sleep
 .text._tx_thread_system_preempt_check
                0x000000000800f76c       0x3c ./Middlewares/ST/threadx/common/src/tx_thread_system_preempt_check.o
                0x000000000800f76c                _tx_thread_system_preempt_check
 .text._tx_thread_system_resume
                0x000000000800f7a8       0xe8 ./Middlewares/ST/threadx/common/src/tx_thread_system_resume.o
                0x000000000800f7a8                _tx_thread_system_resume
 .text._tx_thread_system_suspend
                0x000000000800f890       0xf0 ./Middlewares/ST/threadx/common/src/tx_thread_system_suspend.o
                0x000000000800f890                _tx_thread_system_suspend
 .text._tx_thread_terminate
                0x000000000800f980      0x114 ./Middlewares/ST/threadx/common/src/tx_thread_terminate.o
                0x000000000800f980                _tx_thread_terminate
 .text._tx_thread_time_slice