../Core/Src/Peripherals/gnss.c:303:19:gnss_get_location	0	static
../Core/Src/Peripherals/gnss.c:327:19:gnss_get_running_average_velocities	40	static
../Core/Src/Peripherals/gnss.c:391:6:gnss_cycle_power	8	static
../Core/Src/Peripherals/gnss.c:114:19:gnss_sync_and_start_reception	672	static
../Core/Src/Peripherals/gnss.c:740:17:get_timestamp	40	static
../Core/Src/Peripherals/gnss.c:183:6:gnss_process_message	184	static
../Core/Src/Peripherals/gnss.c:366:19:gnss_sleep	40	static
../Core/Src/Peripherals/gnss.c:379:6:gnss_on_off	0	static
../Core/Src/Peripherals/gnss.c:450:19:gnss_reset_timer	16	static
../Core/Src/Peripherals/gnss.c:489:19:gnss_set_rtc	56	static
../Core/Src/Peripherals/gnss.c:550:26:send_config.constprop	768	static
../Core/Src/Peripherals/gnss.c:66:19:gnss_config	176	static
../Core/Src/Peripherals/gnss.c:405:19:gnss_reset_uart	16	static
../Core/Src/Peripherals/gnss.c:28:6:gnss_init	12	static
