../Core/Src/Peripherals/iridium.c:372:6:iridium_storage_queue_flush	0	static
../Core/Src/Peripherals/iridium.c:431:29:send_basic_command_message	24	static
../Core/Src/Peripherals/iridium.c:740:13:cycle_power	8	static
../Core/Src/Peripherals/iridium.c:78:22:iridium_config	24	static
../Core/Src/Peripherals/iridium.c:133:22:iridium_self_test	16	static
../Core/Src/Peripherals/iridium.c:178:6:iridium_sleep	0	static
../Core/Src/Peripherals/iridium.c:213:22:iridium_store_in_flash	8	static
../Core/Src/Peripherals/iridium.c:276:22:iridium_reset_timer	16	static
../Core/Src/Peripherals/iridium.c:310:22:iridium_storage_queue_add	24	static
../Core/Src/Peripherals/iridium.c:545:29:internal_transmit_message	72	static
../Core/Src/Peripherals/iridium.c:671:22:iridium_transmit_error_message	16	static
../Core/Src/Peripherals/iridium.c:754:7:iridium_get_timestamp	40	static
../Core/Src/Peripherals/iridium.c:194:6:iridium_on_off	16	static
../Core/Src/Peripherals/iridium.c:339:22:iridium_storage_queue_get	32	static
../Core/Src/Peripherals/iridium.c:454:22:iridium_transmit_message	32	static
../Core/Src/Peripherals/iridium.c:231:22:iridium_reset_iridium_uart	16	static
../Core/Src/Peripherals/iridium.c:33:6:iridium_init	4	static
