../Core/Src/Peripherals/u_ubx_protocol.c:62:6:uUbxProtocolIsLittleEndian	0	static
../Core/Src/Peripherals/u_ubx_protocol.c:70:10:uUbxProtocolUint16Decode	0	static
../Core/Src/Peripherals/u_ubx_protocol.c:84:10:uUbxProtocolUint32Decode	0	static
../Core/Src/Peripherals/u_ubx_protocol.c:100:10:uUbxProtocolUint64Decode	8	static
../Core/Src/Peripherals/u_ubx_protocol.c:120:10:uUbxProtocolUint16Encode	0	static
../Core/Src/Peripherals/u_ubx_protocol.c:133:10:uUbxProtocolUint32Encode	0	static
../Core/Src/Peripherals/u_ubx_protocol.c:148:10:uUbxProtocolUint64Encode	0	static
../Core/Src/Peripherals/u_ubx_protocol.c:167:9:uUbxProtocolEncode	16	static
../Core/Src/Peripherals/u_ubx_protocol.c:214:9:uUbxProtocolDecode	36	static
